
> shelfy-frontend@0.1.0 test
> vitest run --run


[1m[46m RUN [49m[22m [36mv3.2.4 [39m[90mC:/Users/Dell/Desktop/HomeLab/shelfy/frontend[39m

npm : [90mstderr[2
m | src/pages/BookDe
tailPage.test.tsx[2
m > [22m[2mBookDet
ailPage[2m > [22m
[2mrenders all book 
metadata fields
At line:1 char:1
+ npm test -- --run 
> test-results.txt 2
>&1
+ ~~~~~~~~~~~~~~~~~~
~~~~~~~~~~~~~~~~~~~~
~~~
    + CategoryInfo  
            : NotS  
  pecified: ([90   
 mstderr[2m...m    
etadata fields:    S
tring) [], Rem    ot
eException
    + FullyQualifie 
   dErrorId : Nati  
  veCommandError
 
[22m[39mÔÜá´ŞĆ Rea
ct Router Future Fla
g Warning: React Rou
ter will begin wrapp
ing state updates in
 `React.startTransit
ion` in v7. You can 
use the `v7_startTra
nsition` future flag
 to opt-in early. Fo
r more information, 
see https://reactrou
ter.com/v6/upgrading
/future#v7_starttran
sition.
ÔÜá´ŞĆ React Router 
Future Flag Warning:
 Relative route reso
lution within Splat 
routes is changing i
n v7. You can use th
e `v7_relativeSplatP
ath` future flag to 
opt-in early. For mo
re information, see 
https://reactrouter.
com/v6/upgrading/fut
ure#v7_relativesplat
path.

[90mstderr[2m | sr
c/pages/BooksPage.te
st.tsx[2m > [22m[
2mBooksPage[2m > [
22m[2mrenders book 
list and submits sea
rch input
[22m[39mÔÜá´ŞĆ Rea
ct Router Future Fla
g Warning: React Rou
ter will begin wrapp
ing state updates in
 `React.startTransit
ion` in v7. You can 
use the `v7_startTra
nsition` future flag
 to opt-in early. Fo
r more information, 
see https://reactrou
ter.com/v6/upgrading
/future#v7_starttran
sition.
ÔÜá´ŞĆ React Router 
Future Flag Warning:
 Relative route reso
lution within Splat 
routes is changing i
n v7. You can use th
e `v7_relativeSplatP
ath` future flag to 
opt-in early. For mo
re information, see 
https://reactrouter.
com/v6/upgrading/fut
ure#v7_relativesplat
path.

 [32mÔťô[39m src/pages/BookDetailPage.test.tsx [2m([22m[2m2 tests[22m[2m)[22m[33m 511[2mms[22m[39m
 [31mÔŁ»[39m src/pages/BooksPage.test.tsx [2m([22m[2m3 tests[22m[2m | [22m[31m1 failed[39m[2m)[22m[33m 1120[2mms[22m[39m
   [33m[2mÔťô[22m[39m BooksPage[2m > [22mrenders book list and submits search input [33m 621[2mms[22m[39m
[31m   [31m├Ś[31m BooksPage[2m > [22mrequires confirmation before deleting a book[39m[33m 384[2mms[22m[39m
[31m     Ôćĺ Unable to find an accessible element with the role "button" and name "Smazat"

Here are the accessible roles:

  heading:

  Name "Moje Knihovna":
  [36m<h1[31m
    [33mclass[31m=[32m"text-h1"[31m
  [36m/>[31m

  Name "Smazat knihu?":
  [36m<h3[31m
    [33mclass[31m=[32m"text-h3"[31m
    [33mstyle[31m=[32m"margin-top: 0px;"[31m
  [36m/>[31m

  --------------------------------------------------
  paragraph:

  Name "":
  [36m<p[31m
    [33mclass[31m=[32m"text-p"[31m
  [36m/>[31m

  Name "":
  [36m<p[31m
    [33mstyle[31m=[32m"font-size: 13px; color: var(--sh-text-muted); margin-bottom: 4px; font-weight: 500;"[31m
  [36m/>[31m

  Name "":
  [36m<p[31m
    [33mstyle[31m=[32m"font-size: 15px; font-weight: 600; line-height: 1.4; margin-bottom: 12px; color: var(--sh-text-main); flex: 1 1 0%; display: -webkit-box; -webkit-line-clamp: 2; overflow: hidden;"[31m
  [36m/>[31m

  Name "":
  [36m<p[31m
    [33mclass[31m=[32m"text-p"[31m
    [33mstyle[31m=[32m"margin-bottom: 24px;"[31m
  [36m/>[31m

  --------------------------------------------------
  button:

  Name "V┼íe":
  [36m<button[31m
    [33mstyle[31m=[32m"padding: 8px 18px; border-radius: var(--sh-radius-pill); font-size: 14px; font-weight: 600; white-space: nowrap; cursor: pointer; background: var(--sh-teal); color: white; transition: all 0.2s ease; box-shadow: 0 4px 12px rgba(15,157,88,0.2);"[31m
    [33mtype[31m=[32m"button"[31m
  [36m/>[31m

  Name "─îtu":
  [36m<button[31m
    [33mstyle[31m=[32m"padding: 8px 18px; border-radius: var(--sh-radius-pill); font-size: 14px; font-weight: 600; white-space: nowrap; border: 1.5px solid var(--sh-border); cursor: pointer; background: transparent; color: var(--sh-text-muted); transition: all 0.2s ease; box-shadow: none;"[31m
    [33mtype[31m=[32m"button"[31m
  [36m/>[31m

  Name "P┼Öe─Źteno":
  [36m<button[31m
    [33mstyle[31m=[32m"padding: 8px 18px; border-radius: var(--sh-radius-pill); font-size: 14px; font-weight: 600; white-space: nowrap; border: 1.5px solid var(--sh-border); cursor: pointer; background: transparent; color: var(--sh-text-muted); transition: all 0.2s ease; box-shadow: none;"[31m
    [33mtype[31m=[32m"button"[31m
  [36m/>[31m

  Name "P┼»j─Źeno":
  [36m<button[31m
    [33mstyle[31m=[32m"padding: 8px 18px; border-radius: var(--sh-radius-pill); font-size: 14px; font-weight: 600; white-space: nowrap; border: 1.5px solid var(--sh-border); cursor: pointer; background: transparent; color: var(--sh-text-muted); transition: all 0.2s ease; box-shadow: none;"[31m
    [33mtype[31m=[32m"button"[31m
  [36m/>[31m

  Name "Nep┼Öe─Źteno":
  [36m<button[31m
    [33mstyle[31m=[32m"padding: 8px 18px; border-radius: var(--sh-radius-pill); font-size: 14px; font-weight: 600; white-space: nowrap; border: 1.5px solid var(--sh-border); cursor: pointer; background: transparent; color: var(--sh-text-muted); transition: all 0.2s ease; box-shadow: none;"[31m
    [33mtype[31m=[32m"button"[31m
  [36m/>[31m

  Name "Hledat":
  [36m<button[31m
    [33mclass[31m=[32m"sh-btn-primary"[31m
    [33mstyle[31m=[32m"padding: 0px 20px; border-radius: var(--sh-radius-md);"[31m
    [33mtype[31m=[32m"submit"[31m
  [36m/>[31m

  Name "delete-book-1":
  [36m<button[31m
    [33maria-label[31m=[32m"delete-book-1"[31m
    [33mclass[31m=[32m"hover-lift"[31m
    [33mstyle[31m=[32m"position: absolute; top: -8px; right: -8px; z-index: 2; border: 1px solid rgba(255, 255, 255, 0.8); border-radius: var(--sh-radius-pill); width: 28px; height: 28px; cursor: pointer; background: var(--sh-surface); color: var(--sh-text-muted); font-size: 16px; display: flex; align-items: center; justify-content: center; padding: 0px; box-shadow: var(--sh-shadow-sm); transition: all 0.2s ease;"[31m
    [33mtitle[31m=[32m"Smazat knihu"[31m
  [36m/>[31m

  Name "Zru┼íit":
  [36m<button[31m
    [33mclass[31m=[32m"sh-btn-secondary"[31m
  [36m/>[31m

  Name "Smazat knihu":
  [36m<button[31m
    [33mclass[31m=[32m"sh-btn-primary"[31m
    [33mstyle[31m=[32m"background: var(--sh-red);"[31m
  [36m/>[31m

  --------------------------------------------------
  form:

  Name "book-search-form":
  [36m<form[31m
    [33maria-label[31m=[32m"book-search-form"[31m
    [33mstyle[31m=[32m"margin: 20px 24px 0px; display: flex; gap: 12px;"[31m
  [36m/>[31m

  --------------------------------------------------
  textbox:

  Name "Search books":
  [36m<input[31m
    [33maria-label[31m=[32m"Search books"[31m
    [33mplaceholder[31m=[32m"Hledat knihy, autory..."[31m
    [33mstyle[31m=[32m"flex: 1 1 0%; background: transparent; font-size: 15px; font-family: \"Outfit\", sans-serif; outline: none; padding: 10px 0px; color: var(--sh-text-main);"[31m
    [33mvalue[31m=[32m""[31m
  [36m/>[31m

  --------------------------------------------------
  link:

  Name "Clean Code Robert C. Martin Clean Code Nep┼Öe─Źteno":
  [36m<a[31m
    [33mhref[31m=[32m"/books/book-1"[31m
    [33mstyle[31m=[32m"background: var(--sh-surface); border-radius: var(--sh-radius-lg); border: 1px solid var(--sh-border); overflow: hidden; height: 100%; display: flex; flex-direction: column; box-shadow: var(--sh-shadow-sm);"[31m
  [36m/>[31m

  --------------------------------------------------
  dialog:

  Name "delete-book-dialog":
  [36m<div[31m
    [33maria-label[31m=[32m"delete-book-dialog"[31m
    [33mrole[31m=[32m"dialog"[31m
    [33mstyle[31m=[32m"position: fixed; inset: 0; background: rgba(0, 0, 0, 0.5); display: flex; align-items: center; justify-content: center; z-index: 200; padding: 0px 24px; animation: fadeIn 0.2s ease;"[31m
  [36m/>[31m

  --------------------------------------------------

Ignored nodes: comments, script, style
[36m<body>[31m
  [36m<div>[31m
    [36m<div[31m
      [33mclass[31m=[32m"md-max-w-4xl"[31m
      [33mstyle[31m=[32m"margin: 0px auto; width: 100%;"[31m
    [36m>[31m
      [36m<div[31m
        [33mstyle[31m=[32m"padding: 24px 24px 0px; display: flex; justify-content: space-between; align-items: flex-start;"[31m
      [36m>[31m
        [36m<div>[31m
          [36m<h1[31m
            [33mclass[31m=[32m"text-h1"[31m
          [36m>[31m
            [0mMoje Knihovna[0m
          [36m</h1>[31m
          [36m<p[31m
            [33mclass[31m=[32m"text-p"[31m
          [36m>[31m
            [0m1[0m
            [0m [0m
            [0mkniha[0m
          [36m</p>[31m
        [36m</div>[31m
      [36m</div>[31m
      [36m<div[31m
        [33mstyle[31m=[32m"padding: 0px 8px;"[31m
      [36m>[31m
        [36m<div[31m
          [33mstyle[31m=[32m"display: grid; grid-template-columns: repeat(4, 1fr); gap: 8px; margin: 14px 16px 0px;"[31m
        [36m>[31m
          [36m<div[31m
            [33mstyle[31m=[32m"background: rgb(247, 247, 245); border-radius: 10px; padding: 10px 8px; text-align: center;"[31m
          [36m>[31m
            [36m<div[31m
              [33mstyle[31m=[32m"font-size: 20px; font-weight: 500; color: rgb(17, 17, 17); line-height: 1;"[31m
            [36m>[31m
              [0m1[0m
            [36m</div>[31m
            [36m<div[31m
              [33mstyle[31m=[32m"font-size: 10px; color: rgb(136, 136, 136); margin-top: 3px;"[31m
            [36m>[31m
              [0mCelkem[0m
            [36m</div>[31m
          [36m</div>[31m
          [36m<div[31m
            [33mstyle[31m=[32m"background: rgb(247, 247, 245); border-radius: 10px; padding: 10px 8px; text-align: center;"[31m
          [36m>[31m
            [36m<div[31m
              [33mstyle[31m=[32m"font-size: 20px; font-weight: 500; color: rgb(29, 158, 117); line-height: 1;"[31m
            [36m>[31m
              [0m0[0m
            [36m</div>[31m
            [36m<div[31m
              [33mstyle[31m=[32m"font-size: 10px; color: rgb(136, 136, 136); margin-top: 3px;"[31m
            [36m>[31m
              [0mP┼Öe─Źteno[0m
            [36m</div>[31m
          [36m</div>[31m
          [36m<div[31m
            [33mstyle[31m=[32m"background: rgb(247, 247, 245); border-radius: 10px; padding: 10px 8px; text-align: center;"[31m
          [36m>[31m
            [36m<div[31m
              [33mstyle[31m=[32m"font-size: 20px; font-weight: 500; color: rgb(186, 117, 23); line-height: 1;"[31m
            [36m>[31m
              [0m0[0m
            [36m</div>[31m
            [36m<div[31m
              [33mstyle[31m=[32m"font-size: 10px; color: rgb(136, 136, 136); margin-top: 3px;"[31m
            [36m>[31m
              [0m─îtu[0m
            [36m</div>[31m
          [36m</div>[31m
          [36m<div[31m
            [33mstyle[31m=[32m"background: rgb(247, 247, 245); border-radius: 10px; padding: 10px 8px; text-align: center;"[31m
          [36m>[31m
            [36m<div[31m
              [33mstyle[31m=[32m"font-size: 20px; font-weight: 500; color: rgb(24, 95, 165); line-height: 1;"[31m
            [36m>[31m
              [0m0[0m
            [36m</div>[31m
            [36m<div[31m
              [33mstyle[31m=[32m"font-size: 10px; color: rgb(136, 136, 136); margin-top: 3px;"[31m
            [36m>[31m
              [0mP┼»j─Źeno[0m
            [36m</div>[31m
          [36m</div>[31m
        [36m</div>[31m
      [36m</div>[31m
      [36m<div[31m
        [33mstyle[31m=[32m"display: flex; gap: 10px; overflow-x: auto; padding: 12px 24px 0px; scrollbar-width: none;"[31m
      [36m>[31m
        [36m<button[31m
          [33mstyle[31m=[32m"padding: 8px 18px; border-radius: var(--sh-radius-pill); font-size: 14px; font-weight: 600; white-space: nowrap; cursor: pointer; background: var(--sh-teal); color: white; transition: all 0.2s ease; box-shadow: 0 4px 12px rgba(15,157,88,0.2);"[31m
          [33mtype[31m=[32m"button"[31m
        [36m>[31m
          [0mV┼íe[0m
        [36m</button>[31m
        [36m<button[31m
          [33mstyle[31m=[32m"padding: 8px 18px; border-radius: var(--sh-radius-pill); font-size: 14px; font-weight: 600; white-space: nowrap; border: 1.5px solid var(--sh-border); cursor: pointer; background: transparent; color: var(--sh-text-muted); transition: all 0.2s ease; box-shadow: none;"[31m
          [33mtype[31m=[32m"button"[31m
        [36m>[31m
          [0m─îtu[0m
        [36m</button>[31m
        [36m<button[31m
          [33mstyle[31m=[32m"padding: 8px 18px; border-radius: var(--sh-radius-pill); font-size: 14px; font-weight: 600; white-space: nowrap; border: 1.5px solid var(--sh-border); cursor: pointer; background: transparent; color: var(--sh-text-muted); transition: all 0.2s ease; box-shadow: none;"[31m
          [33mtype[31m=[32m"button"[31m
        [36m>[31m
          [0mP┼Öe─Źteno[0m
        [36m</button>[31m
        [36m<button[31m
          [33mstyle[31m=[32m"padding: 8px 18px; border-radius: var(--sh-radius-pill); font-size: 14px; font-weight: 600; white-space: nowrap; border: 1.5px solid var(--sh-border); cursor: pointer; background: transparent; color: var(--sh-text-muted); transition: all 0.2s ease; box-shadow: none;"[31m
          [33mtype[31m=[32m"button"[31m
        [36m>[31m
          [0mP┼»j─Źeno[0m
        [36m</button>[31m
        [36m<button[31m
          [33mstyle[31m=[32m"padding: 8px 18px; border-radius: var(--sh-radius-pill); font-size: 14px; font-weight: 600; white-space: nowrap; border: 1.5px solid var(--sh-border); cursor: pointer; background: transparent; color: var(--sh-text-muted); transition: all 0.2s ease; box-shadow: none;"[31m
          [33mtype[31m=[32m"button"[31m
        [36m>[31m
          [0mNep┼Öe─Źteno[0m
        [36m</button>[31m
      [36m</div>[31m
      [36m<form[31m
        [33maria-label[31m=[32m"book-search-form"[31m
        [33mstyle[31m=[32m"margin: 20px 24px 0px; display: flex; gap: 12px;"[31m
      [36m>[31m
        [36m<div[31m
          [33mstyle[31m=[32m"flex: 1 1 0%; display: flex; align-items: center; gap: 12px; background: var(--sh-surface); border: 1.5px solid var(--sh-border); border-radius: var(--sh-radius-md); padding: 4px 16px; transition: border-color 0.2s, box-shadow 0.2s;"[31m
        [36m>[31m
          [36m<span[31m
            [33mstyle[31m=[32m"font-size: 18px; color: var(--sh-text-muted);"[31m
          [36m>[31m
            [0mÔîĽ[0m
          [36m</span>[31m
          [36m<input[31m
            [33maria-label[31m=[32m"Search books"[31m
            [33mplaceholder[31m=[32m"Hledat knihy, autory..."[31m
            [33mstyle[31m=[32m"flex: 1 1 0%; background: transparent; font-size: 15px; font-family: \"Outfit\", sans-se...[39m
   [32mÔťô[39m BooksPage[2m > [22mshows aggregated toast for failed books[32m 113[2mms[22m[39m
 [31mÔŁ»[39m src/pages/LocationsPage.test.tsx [2m([22m[2m6 tests[22m[2m | [22m[31m5 failed[39m[2m)[22m[33m 2341[2mms[22m[39m
[31m   [31m├Ś[31m LocationsPage[2m > [22mshows loading state while locations are being fetched[39m[32m 127[2mms[22m[39m
[31m     Ôćĺ Unable to find an element with the text: Loading locationsÔÇŽ. This could be because the text is broken up by multiple elements. In this case, you can provide a function for your text matcher to make your matcher more flexible.

Ignored nodes: comments, script, style
[36m<body>[31m
  [36m<div>[31m
    [36m<section[31m
      [33mclass[31m=[32m"container md-max-w-3xl"[31m
      [33mstyle[31m=[32m"padding-top: 24px; padding-bottom: 40px; margin: 0px auto; width: 100%;"[31m
    [36m>[31m
      [36m<h2[31m
        [33mclass[31m=[32m"text-h2"[31m
        [33mstyle[31m=[32m"margin-bottom: 4px;"[31m
      [36m>[31m
        [0mSpr├íva um├şst─Ťn├ş[0m
      [36m</h2>[31m
      [36m<p[31m
        [33mclass[31m=[32m"text-p"[31m
        [33mstyle[31m=[32m"color: var(--sh-text-muted); margin-bottom: 24px;"[31m
      [36m>[31m
        [0mSpravujte seznam m├şstnost├ş, n├íbytku a polic pro rychl├ę ┼Öazen├ş knih.[0m
      [36m</p>[31m
      [36m<div[31m
        [33mstyle[31m=[32m"background: var(--sh-surface); padding: 20px; border-radius: var(--sh-radius-lg); border: 1px solid var(--sh-border); margin-bottom: 32px; box-shadow: var(--sh-shadow-sm);"[31m
      [36m>[31m
        [36m<h3[31m
          [33mclass[31m=[32m"text-h3"[31m
          [33mstyle[31m=[32m"margin-top: 0px; margin-bottom: 16px; font-size: 16px;"[31m
        [36m>[31m
          [0mP┼Öidat nov├ę um├şst─Ťn├ş[0m
        [36m</h3>[31m
        [36m<form[31m
          [33maria-label[31m=[32m"create-location-form"[31m
          [33mstyle[31m=[32m"display: grid; grid-template-columns: repeat(auto-fit, minmax(140px, 1fr)); gap: 12px; align-items: end;"[31m
        [36m>[31m
          [36m<div>[31m
            [36m<label[31m
              [33mstyle[31m=[32m"font-size: 12px; font-weight: 500; color: var(--sh-text-muted); display: block; margin-bottom: 6px;"[31m
            [36m>[31m
              [0mM├şstnost[0m
            [36m</label>[31m
            [36m<input[31m
              [33maria-label[31m=[32m"Room"[31m
              [33mclass[31m=[32m"sh-input"[31m
              [33mplaceholder[31m=[32m"nap┼Ö. Ob├Żv├ík"[31m
              [33mrequired[31m=[32m""[31m
              [33mvalue[31m=[32m""[31m
            [36m/>[31m
          [36m</div>[31m
          [36m<div>[31m
            [36m<label[31m
              [33mstyle[31m=[32m"font-size: 12px; font-weight: 500; color: var(--sh-text-muted); display: block; margin-bottom: 6px;"[31m
            [36m>[31m
              [0mKnihovna[0m
            [36m</label>[31m
            [36m<input[31m
              [33maria-label[31m=[32m"Furniture"[31m
              [33mclass[31m=[32m"sh-input"[31m
              [33mplaceholder[31m=[32m"nap┼Ö. Billy 1"[31m
              [33mrequired[31m=[32m""[31m
              [33mvalue[31m=[32m""[31m
            [36m/>[31m
          [36m</div>[31m
          [36m<div>[31m
            [36m<label[31m
              [33mstyle[31m=[32m"font-size: 12px; font-weight: 500; color: var(--sh-text-muted); display: block; margin-bottom: 6px;"[31m
            [36m>[31m
              [0mPolice[0m
            [36m</label>[31m
            [36m<input[31m
              [33maria-label[31m=[32m"Shelf"[31m
              [33mclass[31m=[32m"sh-input"[31m
              [33mplaceholder[31m=[32m"nap┼Ö. 3 odspodu"[31m
              [33mrequired[31m=[32m""[31m
              [33mvalue[31m=[32m""[31m
            [36m/>[31m
          [36m</div>[31m
          [36m<button[31m
            [33mclass[31m=[32m"sh-btn-primary hover-scale"[31m
            [33mstyle[31m=[32m"padding: 12px 16px;"[31m
            [33mtype[31m=[32m"submit"[31m
          [36m>[31m
            [0mVytvo┼Öit[0m
          [36m</button>[31m
        [36m</form>[31m
      [36m</div>[31m
      [36m<p[31m
        [33mclass[31m=[32m"text-p"[31m
      [36m>[31m
        [0mNa─Ź├şt├ím lokaceÔÇŽ[0m
      [36m</p>[31m
    [36m</section>[31m
  [36m</div>[31m
[36m</body>[31m[39m
[31m   [31m├Ś[31m LocationsPage[2m > [22mshows error state when loading locations fails[39m[33m 1035[2mms[22m[39m
[31m     Ôćĺ Unable to find an element with the text: Failed to load locations.. This could be because the text is broken up by multiple elements. In this case, you can provide a function for your text matcher to make your matcher more flexible.

Ignored nodes: comments, script, style
[36m<body>[31m
  [36m<div>[31m
    [36m<section[31m
      [33mclass[31m=[32m"container md-max-w-3xl"[31m
      [33mstyle[31m=[32m"padding-top: 24px; padding-bottom: 40px; margin: 0px auto; width: 100%;"[31m
    [36m>[31m
      [36m<h2[31m
        [33mclass[31m=[32m"text-h2"[31m
        [33mstyle[31m=[32m"margin-bottom: 4px;"[31m
      [36m>[31m
        [0mSpr├íva um├şst─Ťn├ş[0m
      [36m</h2>[31m
      [36m<p[31m
        [33mclass[31m=[32m"text-p"[31m
        [33mstyle[31m=[32m"color: var(--sh-text-muted); margin-bottom: 24px;"[31m
      [36m>[31m
        [0mSpravujte seznam m├şstnost├ş, n├íbytku a polic pro rychl├ę ┼Öazen├ş knih.[0m
      [36m</p>[31m
      [36m<div[31m
        [33mstyle[31m=[32m"background: var(--sh-surface); padding: 20px; border-radius: var(--sh-radius-lg); border: 1px solid var(--sh-border); margin-bottom: 32px; box-shadow: var(--sh-shadow-sm);"[31m
      [36m>[31m
        [36m<h3[31m
          [33mclass[31m=[32m"text-h3"[31m
          [33mstyle[31m=[32m"margin-top: 0px; margin-bottom: 16px; font-size: 16px;"[31m
        [36m>[31m
          [0mP┼Öidat nov├ę um├şst─Ťn├ş[0m
        [36m</h3>[31m
        [36m<form[31m
          [33maria-label[31m=[32m"create-location-form"[31m
          [33mstyle[31m=[32m"display: grid; grid-template-columns: repeat(auto-fit, minmax(140px, 1fr)); gap: 12px; align-items: end;"[31m
        [36m>[31m
          [36m<div>[31m
            [36m<label[31m
              [33mstyle[31m=[32m"font-size: 12px; font-weight: 500; color: var(--sh-text-muted); display: block; margin-bottom: 6px;"[31m
            [36m>[31m
              [0mM├şstnost[0m
            [36m</label>[31m
            [36m<input[31m
              [33maria-label[31m=[32m"Room"[31m
              [33mclass[31m=[32m"sh-input"[31m
              [33mplaceholder[31m=[32m"nap┼Ö. Ob├Żv├ík"[31m
              [33mrequired[31m=[32m""[31m
              [33mvalue[31m=[32m""[31m
            [36m/>[31m
          [36m</div>[31m
          [36m<div>[31m
            [36m<label[31m
              [33mstyle[31m=[32m"font-size: 12px; font-weight: 500; color: var(--sh-text-muted); display: block; margin-bottom: 6px;"[31m
            [36m>[31m
              [0mKnihovna[0m
            [36m</label>[31m
            [36m<input[31m
              [33maria-label[31m=[32m"Furniture"[31m
              [33mclass[31m=[32m"sh-input"[31m
              [33mplaceholder[31m=[32m"nap┼Ö. Billy 1"[31m
              [33mrequired[31m=[32m""[31m
              [33mvalue[31m=[32m""[31m
            [36m/>[31m
          [36m</div>[31m
          [36m<div>[31m
            [36m<label[31m
              [33mstyle[31m=[32m"font-size: 12px; font-weight: 500; color: var(--sh-text-muted); display: block; margin-bottom: 6px;"[31m
            [36m>[31m
              [0mPolice[0m
            [36m</label>[31m
            [36m<input[31m
              [33maria-label[31m=[32m"Shelf"[31m
              [33mclass[31m=[32m"sh-input"[31m
              [33mplaceholder[31m=[32m"nap┼Ö. 3 odspodu"[31m
              [33mrequired[31m=[32m""[31m
              [33mvalue[31m=[32m""[31m
            [36m/>[31m
          [36m</div>[31m
          [36m<button[31m
            [33mclass[31m=[32m"sh-btn-primary hover-scale"[31m
            [33mstyle[31m=[32m"padding: 12px 16px;"[31m
            [33mtype[31m=[32m"submit"[31m
          [36m>[31m
            [0mVytvo┼Öit[0m
          [36m</button>[31m
        [36m</form>[31m
      [36m</div>[31m
      [36m<div[31m
        [33mstyle[31m=[32m"padding: 16px; background: var(--sh-red); color: white; border-radius: var(--sh-radius-md);"[31m
      [36m>[31m
        [36m<p[31m
          [33mstyle[31m=[32m"margin: 0px 0px 12px 0px;"[31m
        [36m>[31m
          [0mChyba p┼Öi na─Ź├şt├ín├ş lokac├ş.[0m
        [36m</p>[31m
        [36m<button[31m
          [33mclass[31m=[32m"sh-btn-secondary hover-scale"[31m
          [33mstyle[31m=[32m"background: white; color: var(--sh-red);"[31m
          [33mtype[31m=[32m"button"[31m
        [36m>[31m
          [0mZkusit znovu[0m
        [36m</button>[31m
      [36m</div>[31m
    [36m</section>[31m
  [36m</div>[31m
[36m</body>[31m

Ignored nodes: comments, script, style
[36m<body>[31m
  [36m<div>[31m
    [36m<section[31m
      [33mclass[31m=[32m"container md-max-w-3xl"[31m
      [33mstyle[31m=[32m"padding-top: 24px; padding-bottom: 40px; margin: 0px auto; width: 100%;"[31m
    [36m>[31m
      [36m<h2[31m
        [33mclass[31m=[32m"text-h2"[31m
        [33mstyle[31m=[32m"margin-bottom: 4px;"[31m
      [36m>[31m
        [0mSpr├íva um├şst─Ťn├ş[0m
      [36m</h2>[31m
      [36m<p[31m
        [33mclass[31m=[32m"text-p"[31m
        [33mstyle[31m=[32m"color: var(--sh-text-muted); margin-bottom: 24px;"[31m
      [36m>[31m
        [0mSpravujte seznam m├şstnost├ş, n├íbytku a polic pro rychl├ę ┼Öazen├ş knih.[0m
      [36m</p>[31m
      [36m<div[31m
        [33mstyle[31m=[32m"background: var(--sh-surface); padding: 20px; border-radius: var(--sh-radius-lg); border: 1px solid var(--sh-border); margin-bottom: 32px; box-shadow: var(--sh-shadow-sm);"[31m
      [36m>[31m
        [36m<h3[31m
          [33mclass[31m=[32m"text-h3"[31m
          [33mstyle[31m=[32m"margin-top: 0px; margin-bottom: 16px; font-size: 16px;"[31m
        [36m>[31m
          [0mP┼Öidat nov├ę um├şst─Ťn├ş[0m
        [36m</h3>[31m
        [36m<form[31m
          [33maria-label[31m=[32m"create-location-form"[31m
          [33mstyle[31m=[32m"display: grid; grid-template-columns: repeat(auto-fit, minmax(140px, 1fr)); gap: 12px; align-items: end;"[31m
        [36m>[31m
          [36m<div>[31m
            [36m<label[31m
              [33mstyle[31m=[32m"font-size: 12px; font-weight: 500; color: var(--sh-text-muted); display: block; margin-bottom: 6px;"[31m
            [36m>[31m
              [0mM├şstnost[0m
            [36m</label>[31m
            [36m<input[31m
              [33maria-label[31m=[32m"Room"[31m
              [33mclass[31m=[32m"sh-input"[31m
              [33mplaceholder[31m=[32m"nap┼Ö. Ob├Żv├ík"[31m
              [33mrequired[31m=[32m""[31m
              [33mvalue[31m=[32m""[31m
            [36m/>[31m
          [36m</div>[31m
          [36m<div>[31m
            [36m<label[31m
              [33mstyle[31m=[32m"font-size: 12px; font-weight: 500; color: var(--sh-text-muted); display: block; margin-bottom: 6px;"[31m
            [36m>[31m
              [0mKnihovna[0m
            [36m</label>[31m
            [36m<input[31m
              [33maria-label[31m=[32m"Furniture"[31m
              [33mclass[31m=[32m"sh-input"[31m
              [33mplaceholder[31m=[32m"nap┼Ö. Billy 1"[31m
              [33mrequired[31m=[32m""[31m
              [33mvalue[31m=[32m""[31m
            [36m/>[31m
          [36m</div>[31m
          [36m<div>[31m
            [36m<label[31m
              [33mstyle[31m=[32m"font-size: 12px; font-weight: 500; color: var(--sh-text-muted); display: block; margin-bottom: 6px;"[31m
            [36m>[31m
              [0mPolice[0m
            [36m</label>[31m
            [36m<input[31m
              [33maria-label[31m=[32m"Shelf"[31m
              [33mclass[31m=[32m"sh-input"[31m
              [33mplaceholder[31m=[32m"nap┼Ö. 3 odspodu"[31m
              [33mrequired[31m=[32m""[31m
              [33mvalue[31m=[32m""[31m
            [36m/>[31m
          [36m</div>[31m
          [36m<button[31m
            [33mclass[31m=[32m"sh-btn-primary hover-scale"[31m
            [33mstyle[31m=[32m"padding: 12px 16px;"[31m
            [33mtype[31m=[32m"submit"[31m
          [36m>[31m
            [0mVytvo┼Öit[0m
          [36m</button>[31m
        [36m</form>[31m
      [36m</div>[31m
      [36m<div[31m
        [33mstyle[31m=[32m"padding: 16px; background: var(--sh-red); color: white; border-radius: var(--sh-radius-md);"[31m
      [36m>[31m
        [36m<p[31m
          [33mstyle[31m=[32m"margin: 0px 0px 12px 0px;"[31m
        [36m>[31m
          [0mChyba p┼Öi na─Ź├şt├ín├ş lokac├ş.[0m
        [36m</p>[31m
        [36m<button[31m
          [33mclass[31m=[32m"sh-btn-secondary hover-scale"[31m
          [33mstyle[31m=[32m"background: white; color: var(--sh-red);"[31m
          [33mtype[31m=[32m"button"[31m
        [36m>[31m
          [0mZkusit znovu[0m
        [36m</button>[31m
      [36m</div>[31m
    [36m</section>[31m
  [36m</div>[31m
[36m</body>[31m[39m
   [32mÔťô[39m LocationsPage[2m > [22mrenders location list with mock data[32m 56[2mms[22m[39m
[31m   [31m├Ś[31m LocationsPage[2m > [22msubmits create form and refreshes the list[39m[33m 868[2mms[22m[39m
[31m     Ôćĺ Unable to find an accessible element with the role "button" and name "Create location"

Here are the accessible roles:

  heading:

  Name "Spr├íva um├şst─Ťn├ş":
  [36m<h2[31m
    [33mclass[31m=[32m"text-h2"[31m
    [33mstyle[31m=[32m"margin-bottom: 4px;"[31m
  [36m/>[31m

  Name "P┼Öidat nov├ę um├şst─Ťn├ş":
  [36m<h3[31m
    [33mclass[31m=[32m"text-h3"[31m
    [33mstyle[31m=[32m"margin-top: 0px; margin-bottom: 16px; font-size: 16px;"[31m
  [36m/>[31m

  --------------------------------------------------
  paragraph:

  Name "":
  [36m<p[31m
    [33mclass[31m=[32m"text-p"[31m
    [33mstyle[31m=[32m"color: var(--sh-text-muted); margin-bottom: 24px;"[31m
  [36m/>[31m

  --------------------------------------------------
  form:

  Name "create-location-form":
  [36m<form[31m
    [33maria-label[31m=[32m"create-location-form"[31m
    [33mstyle[31m=[32m"display: grid; grid-template-columns: repeat(auto-fit, minmax(140px, 1fr)); gap: 12px; align-items: end;"[31m
  [36m/>[31m

  --------------------------------------------------
  textbox:

  Name "Room":
  [36m<input[31m
    [33maria-label[31m=[32m"Room"[31m
    [33mclass[31m=[32m"sh-input"[31m
    [33mplaceholder[31m=[32m"nap┼Ö. Ob├Żv├ík"[31m
    [33mrequired[31m=[32m""[31m
    [33mvalue[31m=[32m"Living Room"[31m
  [36m/>[31m

  Name "Furniture":
  [36m<input[31m
    [33maria-label[31m=[32m"Furniture"[31m
    [33mclass[31m=[32m"sh-input"[31m
    [33mplaceholder[31m=[32m"nap┼Ö. Billy 1"[31m
    [33mrequired[31m=[32m""[31m
    [33mvalue[31m=[32m"Cabinet"[31m
  [36m/>[31m

  Name "Shelf":
  [36m<input[31m
    [33maria-label[31m=[32m"Shelf"[31m
    [33mclass[31m=[32m"sh-input"[31m
    [33mplaceholder[31m=[32m"nap┼Ö. 3 odspodu"[31m
    [33mrequired[31m=[32m""[31m
    [33mvalue[31m=[32m"Top"[31m
  [36m/>[31m

  --------------------------------------------------
  button:

  Name "Vytvo┼Öit":
  [36m<button[31m
    [33mclass[31m=[32m"sh-btn-primary hover-scale"[31m
    [33mstyle[31m=[32m"padding: 12px 16px;"[31m
    [33mtype[31m=[32m"submit"[31m
  [36m/>[31m

  Name "Upravit":
  [36m<button[31m
    [33mclass[31m=[32m"hover-scale"[31m
    [33mstyle[31m=[32m"background: transparent; color: var(--sh-teal); cursor: pointer; font-size: 13px; font-weight: 500; padding: 6px 8px;"[31m
    [33mtype[31m=[32m"button"[31m
  [36m/>[31m

  Name "Smazat":
  [36m<button[31m
    [33mclass[31m=[32m"hover-scale"[31m
    [33mstyle[31m=[32m"background: transparent; color: var(--sh-red); cursor: pointer; font-size: 13px; font-weight: 500; padding: 6px 8px;"[31m
    [33mtype[31m=[32m"button"[31m
  [36m/>[31m

  --------------------------------------------------
  table:

  Name "":
  [36m<table[31m
    [33mcellpadding[31m=[32m"16"[31m
    [33mstyle[31m=[32m"border-collapse: collapse; text-align: left; font-size: 14px;"[31m
    [33mwidth[31m=[32m"100%"[31m
  [36m/>[31m

  --------------------------------------------------
  rowgroup:

  Name "":
  [36m<thead[31m
    [33mstyle[31m=[32m"background: rgba(0, 0, 0, 0.02); border-bottom: 1px solid var(--sh-border);"[31m
  [36m/>[31m

  Name "":
  [36m<tbody />[31m

  --------------------------------------------------
  row:

  Name "M├şstnost Knihovna Police Akce":
  [36m<tr />[31m

  Name "Office Bookshelf Shelf 1 Upravit Smazat":
  [36m<tr[31m
    [33mstyle[31m=[32m"border-bottom: 1px solid var(--sh-border); transition: background 0.2s; background: transparent;"[31m
  [36m/>[31m

  --------------------------------------------------
  columnheader:

  Name "M├şstnost":
  [36m<th[31m
    [33mstyle[31m=[32m"font-weight: 600; color: var(--sh-text-muted); white-space: nowrap;"[31m
  [36m/>[31m

  Name "Knihovna":
  [36m<th[31m
    [33mstyle[31m=[32m"font-weight: 600; color: var(--sh-text-muted); white-space: nowrap;"[31m
  [36m/>[31m

  Name "Police":
  [36m<th[31m
    [33mstyle[31m=[32m"font-weight: 600; color: var(--sh-text-muted); white-space: nowrap;"[31m
  [36m/>[31m

  Name "Akce":
  [36m<th[31m
    [33mstyle[31m=[32m"font-weight: 600; color: var(--sh-text-muted); text-align: right; white-space: nowrap;"[31m
  [36m/>[31m

  --------------------------------------------------
  cell:

  Name "Office":
  [36m<td />[31m

  Name "Bookshelf":
  [36m<td />[31m

  Name "Shelf 1":
  [36m<td />[31m

  Name "Upravit Smazat":
  [36m<td[31m
    [33mstyle[31m=[32m"display: flex; gap: 8px; justify-content: flex-end; align-items: center; min-height: 48px;"[31m
  [36m/>[31m

  --------------------------------------------------

Ignored nodes: comments, script, style
[36m<body>[31m
  [36m<div>[31m
    [36m<section[31m
      [33mclass[31m=[32m"container md-max-w-3xl"[31m
      [33mstyle[31m=[32m"padding-top: 24px; padding-bottom: 40px; margin: 0px auto; width: 100%;"[31m
    [36m>[31m
      [36m<h2[31m
        [33mclass[31m=[32m"text-h2"[31m
        [33mstyle[31m=[32m"margin-bottom: 4px;"[31m
      [36m>[31m
        [0mSpr├íva um├şst─Ťn├ş[0m
      [36m</h2>[31m
      [36m<p[31m
        [33mclass[31m=[32m"text-p"[31m
        [33mstyle[31m=[32m"color: var(--sh-text-muted); margin-bottom: 24px;"[31m
      [36m>[31m
        [0mSpravujte seznam m├şstnost├ş, n├íbytku a polic pro rychl├ę ┼Öazen├ş knih.[0m
      [36m</p>[31m
      [36m<div[31m
        [33mstyle[31m=[32m"background: var(--sh-surface); padding: 20px; border-radius: var(--sh-radius-lg); border: 1px solid var(--sh-border); margin-bottom: 32px; box-shadow: var(--sh-shadow-sm);"[31m
      [36m>[31m
        [36m<h3[31m
          [33mclass[31m=[32m"text-h3"[31m
          [33mstyle[31m=[32m"margin-top: 0px; margin-bottom: 16px; font-size: 16px;"[31m
        [36m>[31m
          [0mP┼Öidat nov├ę um├şst─Ťn├ş[0m
        [36m</h3>[31m
        [36m<form[31m
          [33maria-label[31m=[32m"create-location-form"[31m
          [33mstyle[31m=[32m"display: grid; grid-template-columns: repeat(auto-fit, minmax(140px, 1fr)); gap: 12px; align-items: end;"[31m
        [36m>[31m
          [36m<div>[31m
            [36m<label[31m
              [33mstyle[31m=[32m"font-size: 12px; font-weight: 500; color: var(--sh-text-muted); display: block; margin-bottom: 6px;"[31m
            [36m>[31m
              [0mM├şstnost[0m
            [36m</label>[31m
            [36m<input[31m
              [33maria-label[31m=[32m"Room"[31m
              [33mclass[31m=[32m"sh-input"[31m
              [33mplaceholder[31m=[32m"nap┼Ö. Ob├Żv├ík"[31m
              [33mrequired[31m=[32m""[31m
              [33mvalue[31m=[32m"Living Room"[31m
            [36m/>[31m
          [36m</div>[31m
          [36m<div>[31m
            [36m<label[31m
              [33mstyle[31m=[32m"font-size: 12px; font-weight: 500; color: var(--sh-text-muted); display: block; margin-bottom: 6px;"[31m
            [36m>[31m
              [0mKnihovna[0m
            [36m</label>[31m
            [36m<input[31m
              [33maria-label[31m=[32m"Furniture"[31m
              [33mclass[31m=[32m"sh-input"[31m
              [33mplaceholder[31m=[32m"nap┼Ö. Billy 1"[31m
              [33mrequired[31m=[32m""[31m
              [33mvalue[31m=[32m"Cabinet"[31m
            [36m/>[31m
          [36m</div>[31m
          [36m<div>[31m
            [36m<label[31m
              [33mstyle[31m=[32m"font-size: 12px; font-weight: 500; color: var(--sh-text-muted); display: block; margin-bottom: 6px;"[31m
            [36m>[31m
              [0mPolice[0m
            [36m</label>[31m
            [36m<input[31m
              [33maria-label[31m=[32m"Shelf"[31m
              [33mclass[31m=[32m"sh-input"[31m
              [33mplaceholder[31m=[32m"nap┼Ö. 3 odspodu"[31m
              [33mrequired[31m=[32m""[31m
              [33mvalue[31m=[32m"Top"[31m
            [36m/>[31m
          [36m</div>[31m
          [36m<button[31m
            [33mclass[31m=[32m"sh-btn-primary hover-scale"[31m
            [33mstyle[31m=[32m"padding: 12px 16px;"[31m
            [33mtype[31m=[32m"submit"[31m
          [36m>[31m
            [0mVytvo┼Öit[0m
          [36m</button>[31m
        [36m</form>[31m
      [36m</div>[31m
      [36m<div[31m
        [33mstyle[31m=[32m"border-radius: var(--sh-radius-lg); border: 1px solid var(--sh-border); overflow: hidden; background: var(--sh-surface);"[31m
      [36m>[31m
        [36m<table[31m
          [33mcellpadding[31m=[32m"16"[31m
          [33mstyle[31m=[32m"border-collapse: collapse; text-align: left; font-size: 14px;"[31m
          [33mwidth[31m=[32m"100%"[31m
        [36m>[31m
          [36m<thead[31m
            [33mstyle[31m=[32m"background: rgba(0, 0, 0, 0.02); border-bottom: 1px solid var(--sh-border);"[31m
          [36m>[31m
            [36m<tr>[31m
              [36m<th[31m
                [33mstyle[31m=[32m"font-weight: 600; color: var(--sh-text-muted); white-space: nowrap;"[31m
              [36m>[31m
                [0mM├şstnost[0m
              [36m</th>[31m
              [36m<th[31m
                [33mstyle[31m=[32m"font-weight: 600; color: var(--sh-text-muted); white-space: nowrap;"[31m
              [36m>[31m
                [0mKnihovna[0m
              [36m</th>[31m
              [36m<th[31m
                [33mstyle[31m=[32m"font-weight: 600; color: var(--sh-text-muted); white-space: nowrap;"[31m
              [36m>[31m
                [0mPolice[0m
              [36m</th>[31m
              [36m<th[31m
                [33mstyle[31m=[32m"font-weight: 600; color: var(--sh-text-muted); text-align: right; white-space: nowrap;"[31m
              [36m>[31m
                [0mAkce[0m
              [36m</th>[31m
            [36m</tr>[31m
          [36m</thead>[31m
          [36m<tbody>[31m
            [36m<tr[31m
              [33mstyle[31m=[32m"border-bottom: 1px solid var(--sh-border); transition: background 0.2s; background: transparent;"[31m
            [36m>[31m
              [36m<td>[31m
                [36m<span[31m
                  [33mstyle[31m=[32m"font-weight: 500;"[31m
                [36m>[31m
                  [0mOffice[0m
                [36m</span>[31m
              [36m</td>[31m
              [36m<td>[31m
                [36m<span[31m
                  [33mstyle[31m=[32m"color: var(--sh-text-muted);"[31m
                [36m>[31m
                  [0mBookshelf[0m
                [36m</span>[31m
              [36m</td>[31m
              [36m<td>[31m
                [36m<span[31m
                  [33mstyle[31m=[32m"color: var(--sh-text-muted);"[31m
                [36m>[31m
                  [0mShelf 1[0m
                [36m</span>[31m
              [36m</td>[31m
              [36m<td[31m
                [33mstyle[31m=[32m"display: flex; gap: 8px; justify-content: flex-end; align-items: center; min-height: 48px;"[31m
              [36m>[31m
                [36m<button[31m
                  [33mclass[31m=[32m"hover-scale"[31m
                  [33mstyle[31m=[32m"background: transparent; color: var(--sh-teal); cursor: pointer; font-size: 13px; font-weight: 500; padding: 6px 8px;"[31m
                  [33mtype[31m=[32m"button"[31m
                [36m>[31m
                  [0mUpravit[0m
                [36m</button>[31m
                [36m<button[31m
                  [33mclass[31m=[32m"hover-scale"[31m
                  [33mstyle[31m=[32m"background: transparent; color: var(--sh-red); cursor: pointer; font-size: 13px; font-weight: 500; padding: 6px 8px;"[31m
                  [33mtype[31m=[32m"button"[31m
                [36m>[31m
                  [0mSmazat[0m
                [36m</button>[31m
              [36m</td>[31m
            [36m</tr>[31m
          [36m</tbody>[31m
        [36m</table>[31m
      [36m</div>[31m
    [36m</section>[31m
  [36m</div>[31m
[36m</body>[31m[39m
[31m   [31m├Ś[31m LocationsPage[2m > [22mupdates a location using inline edit form[39m[32m 150[2mms[22m[39m
[31m     Ôćĺ Unable to find an accessible element with the role "button" and name "Edit"

Here are the accessible roles:

  heading:

  Name "Spr├íva um├şst─Ťn├ş":
  [36m<h2[31m
    [33mclass[31m=[32m"text-h2"[31m
    [33mstyle[31m=[32m"margin-bottom: 4px;"[31m
  [36m/>[31m

  Name "P┼Öidat nov├ę um├şst─Ťn├ş":
  [36m<h3[31m
    [33mclass[31m=[32m"text-h3"[31m
    [33mstyle[31m=[32m"margin-top: 0px; margin-bottom: 16px; font-size: 16px;"[31m
  [36m/>[31m

  --------------------------------------------------
  paragraph:

  Name "":
  [36m<p[31m
    [33mclass[31m=[32m"text-p"[31m
    [33mstyle[31m=[32m"color: var(--sh-text-muted); margin-bottom: 24px;"[31m
  [36m/>[31m

  --------------------------------------------------
  form:

  Name "create-location-form":
  [36m<form[31m
    [33maria-label[31m=[32m"create-location-form"[31m
    [33mstyle[31m=[32m"display: grid; grid-template-columns: repeat(auto-fit, minmax(140px, 1fr)); gap: 12px; align-items: end;"[31m
  [36m/>[31m

  --------------------------------------------------
  textbox:

  Name "Room":
  [36m<input[31m
    [33maria-label[31m=[32m"Room"[31m
    [33mclass[31m=[32m"sh-input"[31m
    [33mplaceholder[31m=[32m"nap┼Ö. Ob├Żv├ík"[31m
    [33mrequired[31m=[32m""[31m
    [33mvalue[31m=[32m""[31m
  [36m/>[31m

  Name "Furniture":
  [36m<input[31m
    [33maria-label[31m=[32m"Furniture"[31m
    [33mclass[31m=[32m"sh-input"[31m
    [33mplaceholder[31m=[32m"nap┼Ö. Billy 1"[31m
    [33mrequired[31m=[32m""[31m
    [33mvalue[31m=[32m""[31m
  [36m/>[31m

  Name "Shelf":
  [36m<input[31m
    [33maria-label[31m=[32m"Shelf"[31m
    [33mclass[31m=[32m"sh-input"[31m
    [33mplaceholder[31m=[32m"nap┼Ö. 3 odspodu"[31m
    [33mrequired[31m=[32m""[31m
    [33mvalue[31m=[32m""[31m
  [36m/>[31m

  --------------------------------------------------
  button:

  Name "Vytvo┼Öit":
  [36m<button[31m
    [33mclass[31m=[32m"sh-btn-primary hover-scale"[31m
    [33mstyle[31m=[32m"padding: 12px 16px;"[31m
    [33mtype[31m=[32m"submit"[31m
  [36m/>[31m

  Name "Upravit":
  [36m<button[31m
    [33mclass[31m=[32m"hover-scale"[31m
    [33mstyle[31m=[32m"background: transparent; color: var(--sh-teal); cursor: pointer; font-size: 13px; font-weight: 500; padding: 6px 8px;"[31m
    [33mtype[31m=[32m"button"[31m
  [36m/>[31m

  Name "Smazat":
  [36m<button[31m
    [33mclass[31m=[32m"hover-scale"[31m
    [33mstyle[31m=[32m"background: transparent; color: var(--sh-red); cursor: pointer; font-size: 13px; font-weight: 500; padding: 6px 8px;"[31m
    [33mtype[31m=[32m"button"[31m
  [36m/>[31m

  --------------------------------------------------
  table:

  Name "":
  [36m<table[31m
    [33mcellpadding[31m=[32m"16"[31m
    [33mstyle[31m=[32m"border-collapse: collapse; text-align: left; font-size: 14px;"[31m
    [33mwidth[31m=[32m"100%"[31m
  [36m/>[31m

  --------------------------------------------------
  rowgroup:

  Name "":
  [36m<thead[31m
    [33mstyle[31m=[32m"background: rgba(0, 0, 0, 0.02); border-bottom: 1px solid var(--sh-border);"[31m
  [36m/>[31m

  Name "":
  [36m<tbody />[31m

  --------------------------------------------------
  row:

  Name "M├şstnost Knihovna Police Akce":
  [36m<tr />[31m

  Name "Office Bookshelf Shelf 1 Upravit Smazat":
  [36m<tr[31m
    [33mstyle[31m=[32m"border-bottom: 1px solid var(--sh-border); transition: background 0.2s; background: transparent;"[31m
  [36m/>[31m

  --------------------------------------------------
  columnheader:

  Name "M├şstnost":
  [36m<th[31m
    [33mstyle[31m=[32m"font-weight: 600; color: var(--sh-text-muted); white-space: nowrap;"[31m
  [36m/>[31m

  Name "Knihovna":
  [36m<th[31m
    [33mstyle[31m=[32m"font-weight: 600; color: var(--sh-text-muted); white-space: nowrap;"[31m
  [36m/>[31m

  Name "Police":
  [36m<th[31m
    [33mstyle[31m=[32m"font-weight: 600; color: var(--sh-text-muted); white-space: nowrap;"[31m
  [36m/>[31m

  Name "Akce":
  [36m<th[31m
    [33mstyle[31m=[32m"font-weight: 600; color: var(--sh-text-muted); text-align: right; white-space: nowrap;"[31m
  [36m/>[31m

  --------------------------------------------------
  cell:

  Name "Office":
  [36m<td />[31m

  Name "Bookshelf":
  [36m<td />[31m

  Name "Shelf 1":
  [36m<td />[31m

  Name "Upravit Smazat":
  [36m<td[31m
    [33mstyle[31m=[32m"display: flex; gap: 8px; justify-content: flex-end; align-items: center; min-height: 48px;"[31m
  [36m/>[31m

  --------------------------------------------------

Ignored nodes: comments, script, style
[36m<body>[31m
  [36m<div>[31m
    [36m<section[31m
      [33mclass[31m=[32m"container md-max-w-3xl"[31m
      [33mstyle[31m=[32m"padding-top: 24px; padding-bottom: 40px; margin: 0px auto; width: 100%;"[31m
    [36m>[31m
      [36m<h2[31m
        [33mclass[31m=[32m"text-h2"[31m
        [33mstyle[31m=[32m"margin-bottom: 4px;"[31m
      [36m>[31m
        [0mSpr├íva um├şst─Ťn├ş[0m
      [36m</h2>[31m
      [36m<p[31m
        [33mclass[31m=[32m"text-p"[31m
        [33mstyle[31m=[32m"color: var(--sh-text-muted); margin-bottom: 24px;"[31m
      [36m>[31m
        [0mSpravujte seznam m├şstnost├ş, n├íbytku a polic pro rychl├ę ┼Öazen├ş knih.[0m
      [36m</p>[31m
      [36m<div[31m
        [33mstyle[31m=[32m"background: var(--sh-surface); padding: 20px; border-radius: var(--sh-radius-lg); border: 1px solid var(--sh-border); margin-bottom: 32px; box-shadow: var(--sh-shadow-sm);"[31m
      [36m>[31m
        [36m<h3[31m
          [33mclass[31m=[32m"text-h3"[31m
          [33mstyle[31m=[32m"margin-top: 0px; margin-bottom: 16px; font-size: 16px;"[31m
        [36m>[31m
          [0mP┼Öidat nov├ę um├şst─Ťn├ş[0m
        [36m</h3>[31m
        [36m<form[31m
          [33maria-label[31m=[32m"create-location-form"[31m
          [33mstyle[31m=[32m"display: grid; grid-template-columns: repeat(auto-fit, minmax(140px, 1fr)); gap: 12px; align-items: end;"[31m
        [36m>[31m
          [36m<div>[31m
            [36m<label[31m
              [33mstyle[31m=[32m"font-size: 12px; font-weight: 500; color: var(--sh-text-muted); display: block; margin-bottom: 6px;"[31m
            [36m>[31m
              [0mM├şstnost[0m
            [36m</label>[31m
            [36m<input[31m
              [33maria-label[31m=[32m"Room"[31m
              [33mclass[31m=[32m"sh-input"[31m
              [33mplaceholder[31m=[32m"nap┼Ö. Ob├Żv├ík"[31m
              [33mrequired[31m=[32m""[31m
              [33mvalue[31m=[32m""[31m
            [36m/>[31m
          [36m</div>[31m
          [36m<div>[31m
            [36m<label[31m
              [33mstyle[31m=[32m"font-size: 12px; font-weight: 500; color: var(--sh-text-muted); display: block; margin-bottom: 6px;"[31m
            [36m>[31m
              [0mKnihovna[0m
            [36m</label>[31m
            [36m<input[31m
              [33maria-label[31m=[32m"Furniture"[31m
              [33mclass[31m=[32m"sh-input"[31m
              [33mplaceholder[31m=[32m"nap┼Ö. Billy 1"[31m
              [33mrequired[31m=[32m""[31m
              [33mvalue[31m=[32m""[31m
            [36m/>[31m
          [36m</div>[31m
          [36m<div>[31m
            [36m<label[31m
              [33mstyle[31m=[32m"font-size: 12px; font-weight: 500; color: var(--sh-text-muted); display: block; margin-bottom: 6px;"[31m
            [36m>[31m
              [0mPolice[0m
            [36m</label>[31m
            [36m<input[31m
              [33maria-label[31m=[32m"Shelf"[31m
              [33mclass[31m=[32m"sh-input"[31m
              [33mplaceholder[31m=[32m"nap┼Ö. 3 odspodu"[31m
              [33mrequired[31m=[32m""[31m
              [33mvalue[31m=[32m""[31m
            [36m/>[31m
          [36m</div>[31m
          [36m<button[31m
            [33mclass[31m=[32m"sh-btn-primary hover-scale"[31m
            [33mstyle[31m=[32m"padding: 12px 16px;"[31m
            [33mtype[31m=[32m"submit"[31m
          [36m>[31m
            [0mVytvo┼Öit[0m
          [36m</button>[31m
        [36m</form>[31m
      [36m</div>[31m
      [36m<div[31m
        [33mstyle[31m=[32m"border-radius: var(--sh-radius-lg); border: 1px solid var(--sh-border); overflow: hidden; background: var(--sh-surface);"[31m
      [36m>[31m
        [36m<table[31m
          [33mcellpadding[31m=[32m"16"[31m
          [33mstyle[31m=[32m"border-collapse: collapse; text-align: left; font-size: 14px;"[31m
          [33mwidth[31m=[32m"100%"[31m
        [36m>[31m
          [36m<thead[31m
            [33mstyle[31m=[32m"background: rgba(0, 0, 0, 0.02); border-bottom: 1px solid var(--sh-border);"[31m
          [36m>[31m
            [36m<tr>[31m
              [36m<th[31m
                [33mstyle[31m=[32m"font-weight: 600; color: var(--sh-text-muted); white-space: nowrap;"[31m
              [36m>[31m
                [0mM├şstnost[0m
              [36m</th>[31m
              [36m<th[31m
                [33mstyle[31m=[32m"font-weight: 600; color: var(--sh-text-muted); white-space: nowrap;"[31m
              [36m>[31m
                [0mKnihovna[0m
              [36m</th>[31m
              [36m<th[31m
                [33mstyle[31m=[32m"font-weight: 600; color: var(--sh-text-muted); white-space: nowrap;"[31m
              [36m>[31m
                [0mPolice[0m
              [36m</th>[31m
              [36m<th[31m
                [33mstyle[31m=[32m"font-weight: 600; color: var(--sh-text-muted); text-align: right; white-space: nowrap;"[31m
              [36m>[31m
                [0mAkce[0m
              [36m</th>[31m
            [36m</tr>[31m
          [36m</thead>[31m
          [36m<tbody>[31m
            [36m<tr[31m
              [33mstyle[31m=[32m"border-bottom: 1px solid var(--sh-border); transition: background 0.2s; background: transparent;"[31m
            [36m>[31m
              [36m<td>[31m
                [36m<span[31m
                  [33mstyle[31m=[32m"font-weight: 500;"[31m
                [36m>[31m
                  [0mOffice[0m
                [36m</span>[31m
              [36m</td>[31m
              [36m<td>[31m
                [36m<span[31m
                  [33mstyle[31m=[32m"color: var(--sh-text-muted);"[31m
                [36m>[31m
                  [0mBookshelf[0m
                [36m</span>[31m
              [36m</td>[31m
              [36m<td>[31m
                [36m<span[31m
                  [33mstyle[31m=[32m"color: var(--sh-text-muted);"[31m
                [36m>[31m
                  [0mShelf 1[0m
                [36m</span>[31m
              [36m</td>[31m
              [36m<td[31m
                [33mstyle[31m=[32m"display: flex; gap: 8px; justify-content: flex-end; align-items: center; min-height: 48px;"[31m
              [36m>[31m
                [36m<button[31m
                  [33mclass[31m=[32m"hover-scale"[31m
                  [33mstyle[31m=[32m"background: transparent; color: var(--sh-teal); cursor: pointer; font-size: 13px; font-weight: 500; padding: 6px 8px;"[31m
                  [33mtype[31m=[32m"button"[31m
                [36m>[31m
                  [0mUpravit[0m
                [36m</button>[31m
                [36m<button[31m
                  [33mclass[31m=[32m"hover-scale"[31m
                  [33mstyle[31m=[32m"background: transparent; color: var(--sh-red); cursor: pointer; font-size: 13px; font-weight: 500; padding: 6px 8px;"[31m
                  [33mtype[31m=[32m"button"[31m
                [36m>[31m
                  [0mSmazat[0m
                [36m</button>[31m
              [36m</td>[31m
            [36m</tr>[31m
          [36m</tbody>[31m
        [36m</table>[31m
      [36m</div>[31m
    [36m</section>[31m
  [36m</div>[31m
[36m</body>[31m[39m
[31m   [31m├Ś[31m LocationsPage[2m > [22mrequires confirmation before deleting a location[39m[32m 102[2mms[22m[39m
[31m     Ôćĺ Unable to find an accessible element with the role "button" and name "Delete"

Here are the accessible roles:

  heading:

  Name "Spr├íva um├şst─Ťn├ş":
  [36m<h2[31m
    [33mclass[31m=[32m"text-h2"[31m
    [33mstyle[31m=[32m"margin-bottom: 4px;"[31m
  [36m/>[31m

  Name "P┼Öidat nov├ę um├şst─Ťn├ş":
  [36m<h3[31m
    [33mclass[31m=[32m"text-h3"[31m
    [33mstyle[31m=[32m"margin-top: 0px; margin-bottom: 16px; font-size: 16px;"[31m
  [36m/>[31m

  --------------------------------------------------
  paragraph:

  Name "":
  [36m<p[31m
    [33mclass[31m=[32m"text-p"[31m
    [33mstyle[31m=[32m"color: var(--sh-text-muted); margin-bottom: 24px;"[31m
  [36m/>[31m

  --------------------------------------------------
  form:

  Name "create-location-form":
  [36m<form[31m
    [33maria-label[31m=[32m"create-location-form"[31m
    [33mstyle[31m=[32m"display: grid; grid-template-columns: repeat(auto-fit, minmax(140px, 1fr)); gap: 12px; align-items: end;"[31m
  [36m/>[31m

  --------------------------------------------------
  textbox:

  Name "Room":
  [36m<input[31m
    [33maria-label[31m=[32m"Room"[31m
    [33mclass[31m=[32m"sh-input"[31m
    [33mplaceholder[31m=[32m"nap┼Ö. Ob├Żv├ík"[31m
    [33mrequired[31m=[32m""[31m
    [33mvalue[31m=[32m""[31m
  [36m/>[31m

  Name "Furniture":
  [36m<input[31m
    [33maria-label[31m=[32m"Furniture"[31m
    [33mclass[31m=[32m"sh-input"[31m
    [33mplaceholder[31m=[32m"nap┼Ö. Billy 1"[31m
    [33mrequired[31m=[32m""[31m
    [33mvalue[31m=[32m""[31m
  [36m/>[31m

  Name "Shelf":
  [36m<input[31m
    [33maria-label[31m=[32m"Shelf"[31m
    [33mclass[31m=[32m"sh-input"[31m
    [33mplaceholder[31m=[32m"nap┼Ö. 3 odspodu"[31m
    [33mrequired[31m=[32m""[31m
    [33mvalue[31m=[32m""[31m
  [36m/>[31m

  --------------------------------------------------
  button:

  Name "Vytvo┼Öit":
  [36m<button[31m
    [33mclass[31m=[32m"sh-btn-primary hover-scale"[31m
    [33mstyle[31m=[32m"padding: 12px 16px;"[31m
    [33mtype[31m=[32m"submit"[31m
  [36m/>[31m

  Name "Upravit":
  [36m<button[31m
    [33mclass[31m=[32m"hover-scale"[31m
    [33mstyle[31m=[32m"background: transparent; color: var(--sh-teal); cursor: pointer; font-size: 13px; font-weight: 500; padding: 6px 8px;"[31m
    [33mtype[31m=[32m"button"[31m
  [36m/>[31m

  Name "Smazat":
  [36m<button[31m
    [33mclass[31m=[32m"hover-scale"[31m
    [33mstyle[31m=[32m"background: transparent; color: var(--sh-red); cursor: pointer; font-size: 13px; font-weight: 500; padding: 6px 8px;"[31m
    [33mtype[31m=[32m"button"[31m
  [36m/>[31m

  --------------------------------------------------
  table:

  Name "":
  [36m<table[31m
    [33mcellpadding[31m=[32m"16"[31m
    [33mstyle[31m=[32m"border-collapse: collapse; text-align: left; font-size: 14px;"[31m
    [33mwidth[31m=[32m"100%"[31m
  [36m/>[31m

  --------------------------------------------------
  rowgroup:

  Name "":
  [36m<thead[31m
    [33mstyle[31m=[32m"background: rgba(0, 0, 0, 0.02); border-bottom: 1px solid var(--sh-border);"[31m
  [36m/>[31m

  Name "":
  [36m<tbody />[31m

  --------------------------------------------------
  row:

  Name "M├şstnost Knihovna Police Akce":
  [36m<tr />[31m

  Name "Office Bookshelf Shelf 1 Upravit Smazat":
  [36m<tr[31m
    [33mstyle[31m=[32m"border-bottom: 1px solid var(--sh-border); transition: background 0.2s; background: transparent;"[31m
  [36m/>[31m

  --------------------------------------------------
  columnheader:

  Name "M├şstnost":
  [36m<th[31m
    [33mstyle[31m=[32m"font-weight: 600; color: var(--sh-text-muted); white-space: nowrap;"[31m
  [36m/>[31m

  Name "Knihovna":
  [36m<th[31m
    [33mstyle[31m=[32m"font-weight: 600; color: var(--sh-text-muted); white-space: nowrap;"[31m
  [36m/>[31m

  Name "Police":
  [36m<th[31m
    [33mstyle[31m=[32m"font-weight: 600; color: var(--sh-text-muted); white-space: nowrap;"[31m
  [36m/>[31m

  Name "Akce":
  [36m<th[31m
    [33mstyle[31m=[32m"font-weight: 600; color: var(--sh-text-muted); text-align: right; white-space: nowrap;"[31m
  [36m/>[31m

  --------------------------------------------------
  cell:

  Name "Office":
  [36m<td />[31m

  Name "Bookshelf":
  [36m<td />[31m

  Name "Shelf 1":
  [36m<td />[31m

  Name "Upravit Smazat":
  [36m<td[31m
    [33mstyle[31m=[32m"display: flex; gap: 8px; justify-content: flex-end; align-items: center; min-height: 48px;"[31m
  [36m/>[31m

  --------------------------------------------------

Ignored nodes: comments, script, style
[36m<body>[31m
  [36m<div>[31m
    [36m<section[31m
      [33mclass[31m=[32m"container md-max-w-3xl"[31m
      [33mstyle[31m=[32m"padding-top: 24px; padding-bottom: 40px; margin: 0px auto; width: 100%;"[31m
    [36m>[31m
      [36m<h2[31m
        [33mclass[31m=[32m"text-h2"[31m
        [33mstyle[31m=[32m"margin-bottom: 4px;"[31m
      [36m>[31m
        [0mSpr├íva um├şst─Ťn├ş[0m
      [36m</h2>[31m
      [36m<p[31m
        [33mclass[31m=[32m"text-p"[31m
        [33mstyle[31m=[32m"color: var(--sh-text-muted); margin-bottom: 24px;"[31m
      [36m>[31m
        [0mSpravujte seznam m├şstnost├ş, n├íbytku a polic pro rychl├ę ┼Öazen├ş knih.[0m
      [36m</p>[31m
      [36m<div[31m
        [33mstyle[31m=[32m"background: var(--sh-surface); padding: 20px; border-radius: var(--sh-radius-lg); border: 1px solid var(--sh-border); margin-bottom: 32px; box-shadow: var(--sh-shadow-sm);"[31m
      [36m>[31m
        [36m<h3[31m
          [33mclass[31m=[32m"text-h3"[31m
          [33mstyle[31m=[32m"margin-top: 0px; margin-bottom: 16px; font-size: 16px;"[31m
        [36m>[31m
          [0mP┼Öidat nov├ę um├şst─Ťn├ş[0m
        [36m</h3>[31m
        [36m<form[31m
          [33maria-label[31m=[32m"create-location-form"[31m
          [33mstyle[31m=[32m"display: grid; grid-template-columns: repeat(auto-fit, minmax(140px, 1fr)); gap: 12px; align-items: end;"[31m
        [36m>[31m
          [36m<div>[31m
            [36m<label[31m
              [33mstyle[31m=[32m"font-size: 12px; font-weight: 500; color: var(--sh-text-muted); display: block; margin-bottom: 6px;"[31m
            [36m>[31m
              [0mM├şstnost[0m
            [36m</label>[31m
            [36m<input[31m
              [33maria-label[31m=[32m"Room"[31m
              [33mclass[31m=[32m"sh-input"[31m
              [33mplaceholder[31m=[32m"nap┼Ö. Ob├Żv├ík"[31m
              [33mrequired[31m=[32m""[31m
              [33mvalue[31m=[32m""[31m
            [36m/>[31m
          [36m</div>[31m
          [36m<div>[31m
            [36m<label[31m
              [33mstyle[31m=[32m"font-size: 12px; font-weight: 500; color: var(--sh-text-muted); display: block; margin-bottom: 6px;"[31m
            [36m>[31m
              [0mKnihovna[0m
            [36m</label>[31m
            [36m<input[31m
              [33maria-label[31m=[32m"Furniture"[31m
              [33mclass[31m=[32m"sh-input"[31m
              [33mplaceholder[31m=[32m"nap┼Ö. Billy 1"[31m
              [33mrequired[31m=[32m""[31m
              [33mvalue[31m=[32m""[31m
            [36m/>[31m
          [36m</div>[31m
          [36m<div>[31m
            [36m<label[31m
              [33mstyle[31m=[32m"font-size: 12px; font-weight: 500; color: var(--sh-text-muted); display: block; margin-bottom: 6px;"[31m
            [36m>[31m
              [0mPolice[0m
            [36m</label>[31m
            [36m<input[31m
              [33maria-label[31m=[32m"Shelf"[31m
              [33mclass[31m=[32m"sh-input"[31m
              [33mplaceholder[31m=[32m"nap┼Ö. 3 odspodu"[31m
              [33mrequired[31m=[32m""[31m
              [33mvalue[31m=[32m""[31m
            [36m/>[31m
          [36m</div>[31m
          [36m<button[31m
            [33mclass[31m=[32m"sh-btn-primary hover-scale"[31m
            [33mstyle[31m=[32m"padding: 12px 16px;"[31m
            [33mtype[31m=[32m"submit"[31m
          [36m>[31m
            [0mVytvo┼Öit[0m
          [36m</button>[31m
        [36m</form>[31m
      [36m</div>[31m
      [36m<div[31m
        [33mstyle[31m=[32m"border-radius: var(--sh-radius-lg); border: 1px solid var(--sh-border); overflow: hidden; background: var(--sh-surface);"[31m
      [36m>[31m
        [36m<table[31m
          [33mcellpadding[31m=[32m"16"[31m
          [33mstyle[31m=[32m"border-collapse: collapse; text-align: left; font-size: 14px;"[31m
          [33mwidth[31m=[32m"100%"[31m
        [36m>[31m
          [36m<thead[31m
            [33mstyle[31m=[32m"background: rgba(0, 0, 0, 0.02); border-bottom: 1px solid var(--sh-border);"[31m
          [36m>[31m
            [36m<tr>[31m
              [36m<th[31m
                [33mstyle[31m=[32m"font-weight: 600; color: var(--sh-text-muted); white-space: nowrap;"[31m
              [36m>[31m
                [0mM├şstnost[0m
              [36m</th>[31m
              [36m<th[31m
                [33mstyle[31m=[32m"font-weight: 600; color: var(--sh-text-muted); white-space: nowrap;"[31m
              [36m>[31m
                [0mKnihovna[0m
              [36m</th>[31m
              [36m<th[31m
                [33mstyle[31m=[32m"font-weight: 600; color: var(--sh-text-muted); white-space: nowrap;"[31m
              [36m>[31m
                [0mPolice[0m
              [36m</th>[31m
              [36m<th[31m
                [33mstyle[31m=[32m"font-weight: 600; color: var(--sh-text-muted); text-align: right; white-space: nowrap;"[31m
              [36m>[31m
                [0mAkce[0m
              [36m</th>[31m
            [36m</tr>[31m
          [36m</thead>[31m
          [36m<tbody>[31m
            [36m<tr[31m
              [33mstyle[31m=[32m"border-bottom: 1px solid var(--sh-border); transition: background 0.2s; background: transparent;"[31m
            [36m>[31m
              [36m<td>[31m
                [36m<span[31m
                  [33mstyle[31m=[32m"font-weight: 500;"[31m
                [36m>[31m
                  [0mOffice[0m
                [36m</span>[31m
              [36m</td>[31m
              [36m<td>[31m
                [36m<span[31m
                  [33mstyle[31m=[32m"color: var(--sh-text-muted);"[31m
                [36m>[31m
                  [0mBookshelf[0m
                [36m</span>[31m
              [36m</td>[31m
              [36m<td>[31m
                [36m<span[31m
                  [33mstyle[31m=[32m"color: var(--sh-text-muted);"[31m
                [36m>[31m
                  [0mShelf 1[0m
                [36m</span>[31m
              [36m</td>[31m
              [36m<td[31m
                [33mstyle[31m=[32m"display: flex; gap: 8px; justify-content: flex-end; align-items: center; min-height: 48px;"[31m
              [36m>[31m
                [36m<button[31m
                  [33mclass[31m=[32m"hover-scale"[31m
                  [33mstyle[31m=[32m"background: transparent; color: var(--sh-teal); cursor: pointer; font-size: 13px; font-weight: 500; padding: 6px 8px;"[31m
                  [33mtype[31m=[32m"button"[31m
                [36m>[31m
                  [0mUpravit[0m
                [36m</button>[31m
                [36m<button[31m
                  [33mclass[31m=[32m"hover-scale"[31m
                  [33mstyle[31m=[32m"background: transparent; color: var(--sh-red); cursor: pointer; font-size: 13px; font-weight: 500; padding: 6px 8px;"[31m
                  [33mtype[31m=[32m"button"[31m
                [36m>[31m
                  [0mSmazat[0m
                [36m</button>[31m
              [36m</td>[31m
            [36m</tr>[31m
          [36m</tbody>[31m
        [36m</table>[31m
      [36m</div>[31m
    [36m</section>[31m
  [36m</div>[31m
[36m</body>[31m[39m

[31mÔÄ»ÔÄ»ÔÄ»ÔÄ»ÔÄ»
ÔÄ»ÔÄ»[39m[1m[41m
 Failed Tests 6 [49
m[22m[31mÔÄ»ÔÄ»ÔÄ»
ÔÄ»ÔÄ»ÔÄ»ÔÄ»[39m

[41m[1m FAIL [22m
[49m src/pages/Book
sPage.test.tsx[2m >
 [22mBooksPage[2m 
> [22mrequires conf
irmation before dele
ting a book
[31m[1mTestingLibr
aryElementError[22m
[39m: Unable to fin
d an accessible elem
ent with the role "b
utton" and name "Sma
zat"

Here are the accessi
ble roles:

  heading:

  Name "Moje Knihovn
a":
  [36m<h1[39m
    [33mclass[39m=
[32m"text-h1"[39m
  [36m/>[39m

  Name "Smazat knihu
?":
  [36m<h3[39m
    [33mclass[39m=
[32m"text-h3"[39m
    [33mstyle[39m=
[32m"margin-top: 0p
x;"[39m
  [36m/>[39m

  ------------------
--------------------
------------
  paragraph:

  Name "":
  [36m<p[39m
    [33mclass[39m=
[32m"text-p"[39m
  [36m/>[39m

  Name "":
  [36m<p[39m
    [33mstyle[39m=
[32m"font-size: 13p
x; color: var(--sh-t
ext-muted); margin-b
ottom: 4px; font-wei
ght: 500;"[39m
  [36m/>[39m

  Name "":
  [36m<p[39m
    [33mstyle[39m=
[32m"font-size: 15p
x; font-weight: 600;
 line-height: 1.4; m
argin-bottom: 12px; 
color: var(--sh-text
-main); flex: 1 1 0%
; display: -webkit-b
ox; -webkit-line-cla
mp: 2; overflow: hid
den;"[39m
  [36m/>[39m

  Name "":
  [36m<p[39m
    [33mclass[39m=
[32m"text-p"[39m
    [33mstyle[39m=
[32m"margin-bottom:
 24px;"[39m
  [36m/>[39m

  ------------------
--------------------
------------
  button:

  Name "V┼íe":
  [36m<button[39m
    [33mstyle[39m=
[32m"padding: 8px 1
8px; border-radius: 
var(--sh-radius-pill
); font-size: 14px; 
font-weight: 600; wh
ite-space: nowrap; c
ursor: pointer; back
ground: var(--sh-tea
l); color: white; tr
ansition: all 0.2s e
ase; box-shadow: 0 4
px 12px rgba(15,157,
88,0.2);"[39m
    [33mtype[39m=
[32m"button"[39m
  [36m/>[39m

  Name "─îtu":
  [36m<button[39m
    [33mstyle[39m=
[32m"padding: 8px 1
8px; border-radius: 
var(--sh-radius-pill
); font-size: 14px; 
font-weight: 600; wh
ite-space: nowrap; b
order: 1.5px solid v
ar(--sh-border); cur
sor: pointer; backgr
ound: transparent; c
olor: var(--sh-text-
muted); transition: 
all 0.2s ease; box-s
hadow: none;"[39m
    [33mtype[39m=
[32m"button"[39m
  [36m/>[39m

  Name "P┼Öe─Źteno":
  [36m<button[39m
    [33mstyle[39m=
[32m"padding: 8px 1
8px; border-radius: 
var(--sh-radius-pill
); font-size: 14px; 
font-weight: 600; wh
ite-space: nowrap; b
order: 1.5px solid v
ar(--sh-border); cur
sor: pointer; backgr
ound: transparent; c
olor: var(--sh-text-
muted); transition: 
all 0.2s ease; box-s
hadow: none;"[39m
    [33mtype[39m=
[32m"button"[39m
  [36m/>[39m

  Name "P┼»j─Źeno":
  [36m<button[39m
    [33mstyle[39m=
[32m"padding: 8px 1
8px; border-radius: 
var(--sh-radius-pill
); font-size: 14px; 
font-weight: 600; wh
ite-space: nowrap; b
order: 1.5px solid v
ar(--sh-border); cur
sor: pointer; backgr
ound: transparent; c
olor: var(--sh-text-
muted); transition: 
all 0.2s ease; box-s
hadow: none;"[39m
    [33mtype[39m=
[32m"button"[39m
  [36m/>[39m

  Name "Nep┼Öe─Źteno
":
  [36m<button[39m
    [33mstyle[39m=
[32m"padding: 8px 1
8px; border-radius: 
var(--sh-radius-pill
); font-size: 14px; 
font-weight: 600; wh
ite-space: nowrap; b
order: 1.5px solid v
ar(--sh-border); cur
sor: pointer; backgr
ound: transparent; c
olor: var(--sh-text-
muted); transition: 
all 0.2s ease; box-s
hadow: none;"[39m
    [33mtype[39m=
[32m"button"[39m
  [36m/>[39m

  Name "Hledat":
  [36m<button[39m
    [33mclass[39m=
[32m"sh-btn-primary
"[39m
    [33mstyle[39m=
[32m"padding: 0px 2
0px; border-radius: 
var(--sh-radius-md);
"[39m
    [33mtype[39m=
[32m"submit"[39m
  [36m/>[39m

  Name "delete-book-
1":
  [36m<button[39m
    [33maria-label
[39m=[32m"delete-bo
ok-1"[39m
    [33mclass[39m=
[32m"hover-lift"[3
9m
    [33mstyle[39m=
[32m"position: abso
lute; top: -8px; rig
ht: -8px; z-index: 2
; border: 1px solid 
rgba(255, 255, 255, 
0.8); border-radius:
 var(--sh-radius-pil
l); width: 28px; hei
ght: 28px; cursor: p
ointer; background: 
var(--sh-surface); c
olor: var(--sh-text-
muted); font-size: 1
6px; display: flex; 
align-items: center;
 justify-content: ce
nter; padding: 0px; 
box-shadow: var(--sh
-shadow-sm); transit
ion: all 0.2s ease;"
[39m
    [33mtitle[39m=
[32m"Smazat knihu"
[39m
  [36m/>[39m

  Name "Zru┼íit":
  [36m<button[39m
    [33mclass[39m=
[32m"sh-btn-seconda
ry"[39m
  [36m/>[39m

  Name "Smazat knihu
":
  [36m<button[39m
    [33mclass[39m=
[32m"sh-btn-primary
"[39m
    [33mstyle[39m=
[32m"background: va
r(--sh-red);"[39m
  [36m/>[39m

  ------------------
--------------------
------------
  form:

  Name "book-search-
form":
  [36m<form[39m
    [33maria-label
[39m=[32m"book-sear
ch-form"[39m
    [33mstyle[39m=
[32m"margin: 20px 2
4px 0px; display: fl
ex; gap: 12px;"[39m
  [36m/>[39m

  ------------------
--------------------
------------
  textbox:

  Name "Search books
":
  [36m<input[39m
    [33maria-label
[39m=[32m"Search bo
oks"[39m
    [33mplaceholder
[39m=[32m"Hledat k
nihy, autory..."[39
m
    [33mstyle[39m=
[32m"flex: 1 1 0%; 
background: transpar
ent; font-size: 15px
; font-family: \"Out
fit\", sans-serif; o
utline: none; paddin
g: 10px 0px; color: 
var(--sh-text-main);
"[39m
    [33mvalue[39m=
[32m""[39m
  [36m/>[39m

  ------------------
--------------------
------------
  link:

  Name "Clean Code R
obert C. Martin Clea
n Code Nep┼Öe─Źteno"
:
  [36m<a[39m
    [33mhref[39m=
[32m"/books/book-1"
[39m
    [33mstyle[39m=
[32m"background: va
r(--sh-surface); bor
der-radius: var(--sh
-radius-lg); border:
 1px solid var(--sh-
border); overflow: h
idden; height: 100%;
 display: flex; flex
-direction: column; 
box-shadow: var(--sh
-shadow-sm);"[39m
  [36m/>[39m

  ------------------
--------------------
------------
  dialog:

  Name "delete-book-
dialog":
  [36m<div[39m
    [33maria-label
[39m=[32m"delete-bo
ok-dialog"[39m
    [33mrole[39m=
[32m"dialog"[39m
    [33mstyle[39m=
[32m"position: fixe
d; inset: 0; backgro
und: rgba(0, 0, 0, 0
.5); display: flex; 
align-items: center;
 justify-content: ce
nter; z-index: 200; 
padding: 0px 24px; a
nimation: fadeIn 0.2
s ease;"[39m
  [36m/>[39m

  ------------------
--------------------
------------

Ignored nodes: comme
nts, script, style
[36m<body>[39m
  [36m<div>[39m
    [36m<div[39m
      [33mclass[39
m=[32m"md-max-w-4xl
"[39m
      [33mstyle[39
m=[32m"margin: 0px 
auto; width: 100%;"
[39m
    [36m>[39m
      [36m<div[39m
        [33mstyle[
39m=[32m"padding: 2
4px 24px 0px; displa
y: flex; justify-con
tent: space-between;
 align-items: flex-s
tart;"[39m
      [36m>[39m
        [36m<div>[
39m
          [36m<h1[
39m
            [33mcla
ss[39m=[32m"text-h
1"[39m
          [36m>[39
m
            [0mMoje
 Knihovna[0m
          [36m</h1>
[39m
          [36m<p[3
9m
            [33mcla
ss[39m=[32m"text-p
"[39m
          [36m>[39
m
            [0m1[0
m
            [0m [0
m
            [0mknih
a[0m
          [36m</p>
[39m
        [36m</div>
[39m
      [36m</div>[3
9m
      [36m<div[39m
        [33mstyle[
39m=[32m"padding: 0
px 8px;"[39m
      [36m>[39m
        [36m<div[3
9m
          [33mstyle
[39m=[32m"display:
 grid; grid-template
-columns: repeat(4, 
1fr); gap: 8px; marg
in: 14px 16px 0px;"
[39m
        [36m>[39m
          [36m<div
[39m
            [33msty
le[39m=[32m"backgr
ound: rgb(247, 247, 
245); border-radius:
 10px; padding: 10px
 8px; text-align: ce
nter;"[39m
          [36m>[39
m
            [36m<di
v[39m
              [33ms
tyle[39m=[32m"font
-size: 20px; font-we
ight: 500; color: rg
b(17, 17, 17); line-
height: 1;"[39m
            [36m>[
39m
              [0m1
[0m
            [36m</d
iv>[39m
            [36m<di
v[39m
              [33ms
tyle[39m=[32m"font
-size: 10px; color: 
rgb(136, 136, 136); 
margin-top: 3px;"[3
9m
            [36m>[
39m
              [0mCe
lkem[0m
            [36m</d
iv>[39m
          [36m</div
>[39m
          [36m<div
[39m
            [33msty
le[39m=[32m"backgr
ound: rgb(247, 247, 
245); border-radius:
 10px; padding: 10px
 8px; text-align: ce
nter;"[39m
          [36m>[39
m
            [36m<di
v[39m
              [33ms
tyle[39m=[32m"font
-size: 20px; font-we
ight: 500; color: rg
b(29, 158, 117); lin
e-height: 1;"[39m
            [36m>[
39m
              [0m0
[0m
            [36m</d
iv>[39m
            [36m<di
v[39m
              [33ms
tyle[39m=[32m"font
-size: 10px; color: 
rgb(136, 136, 136); 
margin-top: 3px;"[3
9m
            [36m>[
39m
              [0mP┼
Öe─Źteno[0m
            [36m</d
iv>[39m
          [36m</div
>[39m
          [36m<div
[39m
            [33msty
le[39m=[32m"backgr
ound: rgb(247, 247, 
245); border-radius:
 10px; padding: 10px
 8px; text-align: ce
nter;"[39m
          [36m>[39
m
            [36m<di
v[39m
              [33ms
tyle[39m=[32m"font
-size: 20px; font-we
ight: 500; color: rg
b(186, 117, 23); lin
e-height: 1;"[39m
            [36m>[
39m
              [0m0
[0m
            [36m</d
iv>[39m
            [36m<di
v[39m
              [33ms
tyle[39m=[32m"font
-size: 10px; color: 
rgb(136, 136, 136); 
margin-top: 3px;"[3
9m
            [36m>[
39m
              [0m─î
tu[0m
            [36m</d
iv>[39m
          [36m</div
>[39m
          [36m<div
[39m
            [33msty
le[39m=[32m"backgr
ound: rgb(247, 247, 
245); border-radius:
 10px; padding: 10px
 8px; text-align: ce
nter;"[39m
          [36m>[39
m
            [36m<di
v[39m
              [33ms
tyle[39m=[32m"font
-size: 20px; font-we
ight: 500; color: rg
b(24, 95, 165); line
-height: 1;"[39m
            [36m>[
39m
              [0m0
[0m
            [36m</d
iv>[39m
            [36m<di
v[39m
              [33ms
tyle[39m=[32m"font
-size: 10px; color: 
rgb(136, 136, 136); 
margin-top: 3px;"[3
9m
            [36m>[
39m
              [0mP┼
»j─Źeno[0m
            [36m</d
iv>[39m
          [36m</div
>[39m
        [36m</div>
[39m
      [36m</div>[3
9m
      [36m<div[39m
        [33mstyle[
39m=[32m"display: f
lex; gap: 10px; over
flow-x: auto; paddin
g: 12px 24px 0px; sc
rollbar-width: none;
"[39m
      [36m>[39m
        [36m<button
[39m
          [33mstyle
[39m=[32m"padding:
 8px 18px; border-ra
dius: var(--sh-radiu
s-pill); font-size: 
14px; font-weight: 6
00; white-space: now
rap; cursor: pointer
; background: var(--
sh-teal); color: whi
te; transition: all 
0.2s ease; box-shado
w: 0 4px 12px rgba(1
5,157,88,0.2);"[39m
          [33mtype
[39m=[32m"button"[
39m
        [36m>[39m
          [0mV┼íe[
0m
        [36m</butto
n>[39m
        [36m<button
[39m
          [33mstyle
[39m=[32m"padding:
 8px 18px; border-ra
dius: var(--sh-radiu
s-pill); font-size: 
14px; font-weight: 6
00; white-space: now
rap; border: 1.5px s
olid var(--sh-border
); cursor: pointer; 
background: transpar
ent; color: var(--sh
-text-muted); transi
tion: all 0.2s ease;
 box-shadow: none;"
[39m
          [33mtype
[39m=[32m"button"[
39m
        [36m>[39m
          [0m─îtu[
0m
        [36m</butto
n>[39m
        [36m<button
[39m
          [33mstyle
[39m=[32m"padding:
 8px 18px; border-ra
dius: var(--sh-radiu
s-pill); font-size: 
14px; font-weight: 6
00; white-space: now
rap; border: 1.5px s
olid var(--sh-border
); cursor: pointer; 
background: transpar
ent; color: var(--sh
-text-muted); transi
tion: all 0.2s ease;
 box-shadow: none;"
[39m
          [33mtype
[39m=[32m"button"[
39m
        [36m>[39m
          [0mP┼Öe─Ź
teno[0m
        [36m</butto
n>[39m
        [36m<button
[39m
          [33mstyle
[39m=[32m"padding:
 8px 18px; border-ra
dius: var(--sh-radiu
s-pill); font-size: 
14px; font-weight: 6
00; white-space: now
rap; border: 1.5px s
olid var(--sh-border
); cursor: pointer; 
background: transpar
ent; color: var(--sh
-text-muted); transi
tion: all 0.2s ease;
 box-shadow: none;"
[39m
          [33mtype
[39m=[32m"button"[
39m
        [36m>[39m
          [0mP┼»j─Ź
eno[0m
        [36m</butto
n>[39m
        [36m<button
[39m
          [33mstyle
[39m=[32m"padding:
 8px 18px; border-ra
dius: var(--sh-radiu
s-pill); font-size: 
14px; font-weight: 6
00; white-space: now
rap; border: 1.5px s
olid var(--sh-border
); cursor: pointer; 
background: transpar
ent; color: var(--sh
-text-muted); transi
tion: all 0.2s ease;
 box-shadow: none;"
[39m
          [33mtype
[39m=[32m"button"[
39m
        [36m>[39m
          [0mNep┼Öe
─Źteno[0m
        [36m</butto
n>[39m
      [36m</div>[3
9m
      [36m<form[39
m
        [33maria-la
bel[39m=[32m"book-
search-form"[39m
        [33mstyle[
39m=[32m"margin: 20
px 24px 0px; display
: flex; gap: 12px;"
[39m
      [36m>[39m
        [36m<div[3
9m
          [33mstyle
[39m=[32m"flex: 1 
1 0%; display: flex;
 align-items: center
; gap: 12px; backgro
und: var(--sh-surfac
e); border: 1.5px so
lid var(--sh-border)
; border-radius: var
(--sh-radius-md); pa
dding: 4px 16px; tra
nsition: border-colo
r 0.2s, box-shadow 0
.2s;"[39m
        [36m>[39m
          [36m<span
[39m
            [33msty
le[39m=[32m"font-s
ize: 18px; color: va
r(--sh-text-muted);"
[39m
          [36m>[39
m
            [0mÔîĽ
[0m
          [36m</spa
n>[39m
          [36m<inpu
t[39m
            [33mari
a-label[39m=[32m"S
earch books"[39m
            [33mpla
ceholder[39m=[32m"
Hledat knihy, autory
..."[39m
            [33msty
le[39m=[32m"flex: 
1 1 0%; background: 
transparent; font-si
ze: 15px; font-famil
y: \"Outfit\", sans-
se...
[90m [2mÔŁ»[22m O
bject.getElementErro
r node_modules/@test
ing-library/dom/dist
/config.js:[2m37:19
[22m[39m
[90m [2mÔŁ»[22m n
ode_modules/@testing
-library/dom/dist/qu
ery-helpers.js:[2m7
6:38[22m[39m
[90m [2mÔŁ»[22m n
ode_modules/@testing
-library/dom/dist/qu
ery-helpers.js:[2m5
2:17[22m[39m
[90m [2mÔŁ»[22m n
ode_modules/@testing
-library/dom/dist/qu
ery-helpers.js:[2m9
5:19[22m[39m
[36m [2mÔŁ»[22m s
rc/pages/BooksPage.t
est.tsx:[2m109:34[
22m[39m
    [90m107| [39m 
   expect(screen.get
ByRole('dialog', { n
ame: 'delete-book-di
alog' }))ÔÇŽ
    [90m108| [39m
    [90m109| [39m 
   await userEvent.c
lick(screen.getByRol
e('button', { name: 
'Smazat' ÔÇŽ
    [90m   | [39m 
                    
            [31m^[
39m
    [90m110| [39m
    [90m111| [39m 
   [35mawait[39m 
[34mwaitFor[39m(() 
[33m=>[39m {

[31m[2mÔÄ»ÔÄ»ÔÄ»ÔÄ
»ÔÄ»ÔÄ»ÔÄ»ÔÄ»ÔÄ»ÔÄ»Ô
Ä»ÔÄ»ÔÄ»ÔÄ»ÔÄ»ÔÄ»ÔÄ»
ÔÄ»ÔÄ»ÔÄ»ÔÄ»ÔÄ»ÔÄ»ÔÄ
»[1/6]ÔÄ»[22m[39m

[41m[1m FAIL [22m
[49m src/pages/Loca
tionsPage.test.tsx[
2m > [22mLocationsP
age[2m > [22mshows
 loading state while
 locations are being
 fetched
[31m[1mTestingLibr
aryElementError[22m
: Unable to find an 
element with the tex
t: Loading locations
ÔÇŽ. This could be b
ecause the text is b
roken up by multiple
 elements. In this c
ase, you can provide
 a function for your
 text matcher to mak
e your matcher more 
flexible.

Ignored nodes: comme
nts, script, style
[36m<body>[31m
  [36m<div>[31m
    [36m<section[3
1m
      [33mclass[31
m=[32m"container md
-max-w-3xl"[31m
      [33mstyle[31
m=[32m"padding-top:
 24px; padding-botto
m: 40px; margin: 0px
 auto; width: 100%;"
[31m
    [36m>[31m
      [36m<h2[31m
        [33mclass[
31m=[32m"text-h2"[
31m
        [33mstyle[
31m=[32m"margin-bot
tom: 4px;"[31m
      [36m>[31m
        [0mSpr├íva 
um├şst─Ťn├ş[0m
      [36m</h2>[31
m
      [36m<p[31m
        [33mclass[
31m=[32m"text-p"[3
1m
        [33mstyle[
31m=[32m"color: var
(--sh-text-muted); m
argin-bottom: 24px;"
[31m
      [36m>[31m
        [0mSpravujt
e seznam m├şstnost├ş
, n├íbytku a polic p
ro rychl├ę ┼Öazen├ş 
knih.[0m
      [36m</p>[31m
      [36m<div[31m
        [33mstyle[
31m=[32m"background
: var(--sh-surface);
 padding: 20px; bord
er-radius: var(--sh-
radius-lg); border: 
1px solid var(--sh-b
order); margin-botto
m: 32px; box-shadow:
 var(--sh-shadow-sm)
;"[31m
      [36m>[31m
        [36m<h3[31
m
          [33mclass
[31m=[32m"text-h3"
[31m
          [33mstyle
[31m=[32m"margin-t
op: 0px; margin-bott
om: 16px; font-size:
 16px;"[31m
        [36m>[31m
          [0mP┼Öida
t nov├ę um├şst─Ťn├ş
[0m
        [36m</h3>[
31m
        [36m<form[
31m
          [33maria-
label[31m=[32m"cre
ate-location-form"[
31m
          [33mstyle
[31m=[32m"display:
 grid; grid-template
-columns: repeat(aut
o-fit, minmax(140px,
 1fr)); gap: 12px; a
lign-items: end;"[3
1m
        [36m>[31m
          [36m<div>
[31m
            [36m<la
bel[31m
              [33ms
tyle[31m=[32m"font
-size: 12px; font-we
ight: 500; color: va
r(--sh-text-muted); 
display: block; marg
in-bottom: 6px;"[31
m
            [36m>[
31m
              [0mM├
şstnost[0m
            [36m</l
abel>[31m
            [36m<in
put[31m
              [33ma
ria-label[31m=[32m
"Room"[31m
              [33mc
lass[31m=[32m"sh-i
nput"[31m
              [33mp
laceholder[31m=[32
m"nap┼Ö. Ob├Żv├ík"[
31m
              [33mr
equired[31m=[32m""
[31m
              [33mv
alue[31m=[32m""[3
1m
            [36m/>
[31m
          [36m</div
>[31m
          [36m<div>
[31m
            [36m<la
bel[31m
              [33ms
tyle[31m=[32m"font
-size: 12px; font-we
ight: 500; color: va
r(--sh-text-muted); 
display: block; marg
in-bottom: 6px;"[31
m
            [36m>[
31m
              [0mKn
ihovna[0m
            [36m</l
abel>[31m
            [36m<in
put[31m
              [33ma
ria-label[31m=[32m
"Furniture"[31m
              [33mc
lass[31m=[32m"sh-i
nput"[31m
              [33mp
laceholder[31m=[32
m"nap┼Ö. Billy 1"[3
1m
              [33mr
equired[31m=[32m""
[31m
              [33mv
alue[31m=[32m""[3
1m
            [36m/>
[31m
          [36m</div
>[31m
          [36m<div>
[31m
            [36m<la
bel[31m
              [33ms
tyle[31m=[32m"font
-size: 12px; font-we
ight: 500; color: va
r(--sh-text-muted); 
display: block; marg
in-bottom: 6px;"[31
m
            [36m>[
31m
              [0mPo
lice[0m
            [36m</l
abel>[31m
            [36m<in
put[31m
              [33ma
ria-label[31m=[32m
"Shelf"[31m
              [33mc
lass[31m=[32m"sh-i
nput"[31m
              [33mp
laceholder[31m=[32
m"nap┼Ö. 3 odspodu"
[31m
              [33mr
equired[31m=[32m""
[31m
              [33mv
alue[31m=[32m""[3
1m
            [36m/>
[31m
          [36m</div
>[31m
          [36m<butt
on[31m
            [33mcla
ss[31m=[32m"sh-btn
-primary hover-scale
"[31m
            [33msty
le[31m=[32m"paddin
g: 12px 16px;"[31m
            [33mtyp
e[31m=[32m"submit"
[31m
          [36m>[31
m
            [0mVytv
o┼Öit[0m
          [36m</but
ton>[31m
        [36m</form>
[31m
      [36m</div>[3
1m
      [36m<p[31m
        [33mclass[
31m=[32m"text-p"[3
1m
      [36m>[31m
        [0mNa─Ź├şt├
ím lokaceÔÇŽ[0m
      [36m</p>[31m
    [36m</section>
[31m
  [36m</div>[31m
[36m</body>[31m[3
9m
[90m [2mÔŁ»[22m O
bject.getElementErro
r node_modules/@test
ing-library/dom/dist
/config.js:[2m37:19
[22m[39m
[90m [2mÔŁ»[22m n
ode_modules/@testing
-library/dom/dist/qu
ery-helpers.js:[2m7
6:38[22m[39m
[90m [2mÔŁ»[22m n
ode_modules/@testing
-library/dom/dist/qu
ery-helpers.js:[2m5
2:17[22m[39m
[90m [2mÔŁ»[22m n
ode_modules/@testing
-library/dom/dist/qu
ery-helpers.js:[2m9
5:19[22m[39m
[36m [2mÔŁ»[22m s
rc/pages/LocationsPa
ge.test.tsx:[2m57:1
9[22m[39m
    [90m 55| [39m 
   [34mrenderWithPr
oviders[39m([33m<
[39m[33mLocationsPa
ge[39m [33m/[39m
[33m>[39m)
    [90m 56| [39m
    [90m 57| [39m 
   [34mexpect[39m(
screen[33m.[39m[3
4mgetByText[39m([3
2m'Loading locations
ÔÇŽ'[39m))[33m.[3
9m[34mtoBeInTheDocu
ment[39m()
    [90m   | [39m 
                 [3
1m^[39m
    [90m 58| [39m 
 })
    [90m 59| [39m

[31m[2mÔÄ»ÔÄ»ÔÄ»ÔÄ
»ÔÄ»ÔÄ»ÔÄ»ÔÄ»ÔÄ»ÔÄ»Ô
Ä»ÔÄ»ÔÄ»ÔÄ»ÔÄ»ÔÄ»ÔÄ»
ÔÄ»ÔÄ»ÔÄ»ÔÄ»ÔÄ»ÔÄ»ÔÄ
»[2/6]ÔÄ»[22m[39m

[41m[1m FAIL [22m
[49m src/pages/Loca
tionsPage.test.tsx[
2m > [22mLocationsP
age[2m > [22mshows
 error state when lo
ading locations fail
s
[31m[1mTestingLibr
aryElementError[22m
[39m: Unable to fin
d an element with th
e text: Failed to lo
ad locations.. This 
could be because the
 text is broken up b
y multiple elements.
 In this case, you c
an provide a functio
n for your text matc
her to make your mat
cher more flexible.

Ignored nodes: comme
nts, script, style
[36m<body>[39m
  [36m<div>[39m
    [36m<section[3
9m
      [33mclass[39
m=[32m"container md
-max-w-3xl"[39m
      [33mstyle[39
m=[32m"padding-top:
 24px; padding-botto
m: 40px; margin: 0px
 auto; width: 100%;"
[39m
    [36m>[39m
      [36m<h2[39m
        [33mclass[
39m=[32m"text-h2"[
39m
        [33mstyle[
39m=[32m"margin-bot
tom: 4px;"[39m
      [36m>[39m
        [0mSpr├íva 
um├şst─Ťn├ş[0m
      [36m</h2>[39
m
      [36m<p[39m
        [33mclass[
39m=[32m"text-p"[3
9m
        [33mstyle[
39m=[32m"color: var
(--sh-text-muted); m
argin-bottom: 24px;"
[39m
      [36m>[39m
        [0mSpravujt
e seznam m├şstnost├ş
, n├íbytku a polic p
ro rychl├ę ┼Öazen├ş 
knih.[0m
      [36m</p>[39m
      [36m<div[39m
        [33mstyle[
39m=[32m"background
: var(--sh-surface);
 padding: 20px; bord
er-radius: var(--sh-
radius-lg); border: 
1px solid var(--sh-b
order); margin-botto
m: 32px; box-shadow:
 var(--sh-shadow-sm)
;"[39m
      [36m>[39m
        [36m<h3[39
m
          [33mclass
[39m=[32m"text-h3"
[39m
          [33mstyle
[39m=[32m"margin-t
op: 0px; margin-bott
om: 16px; font-size:
 16px;"[39m
        [36m>[39m
          [0mP┼Öida
t nov├ę um├şst─Ťn├ş
[0m
        [36m</h3>[
39m
        [36m<form[
39m
          [33maria-
label[39m=[32m"cre
ate-location-form"[
39m
          [33mstyle
[39m=[32m"display:
 grid; grid-template
-columns: repeat(aut
o-fit, minmax(140px,
 1fr)); gap: 12px; a
lign-items: end;"[3
9m
        [36m>[39m
          [36m<div>
[39m
            [36m<la
bel[39m
              [33ms
tyle[39m=[32m"font
-size: 12px; font-we
ight: 500; color: va
r(--sh-text-muted); 
display: block; marg
in-bottom: 6px;"[39
m
            [36m>[
39m
              [0mM├
şstnost[0m
            [36m</l
abel>[39m
            [36m<in
put[39m
              [33ma
ria-label[39m=[32m
"Room"[39m
              [33mc
lass[39m=[32m"sh-i
nput"[39m
              [33mp
laceholder[39m=[32
m"nap┼Ö. Ob├Żv├ík"[
39m
              [33mr
equired[39m=[32m""
[39m
              [33mv
alue[39m=[32m""[3
9m
            [36m/>
[39m
          [36m</div
>[39m
          [36m<div>
[39m
            [36m<la
bel[39m
              [33ms
tyle[39m=[32m"font
-size: 12px; font-we
ight: 500; color: va
r(--sh-text-muted); 
display: block; marg
in-bottom: 6px;"[39
m
            [36m>[
39m
              [0mKn
ihovna[0m
            [36m</l
abel>[39m
            [36m<in
put[39m
              [33ma
ria-label[39m=[32m
"Furniture"[39m
              [33mc
lass[39m=[32m"sh-i
nput"[39m
              [33mp
laceholder[39m=[32
m"nap┼Ö. Billy 1"[3
9m
              [33mr
equired[39m=[32m""
[39m
              [33mv
alue[39m=[32m""[3
9m
            [36m/>
[39m
          [36m</div
>[39m
          [36m<div>
[39m
            [36m<la
bel[39m
              [33ms
tyle[39m=[32m"font
-size: 12px; font-we
ight: 500; color: va
r(--sh-text-muted); 
display: block; marg
in-bottom: 6px;"[39
m
            [36m>[
39m
              [0mPo
lice[0m
            [36m</l
abel>[39m
            [36m<in
put[39m
              [33ma
ria-label[39m=[32m
"Shelf"[39m
              [33mc
lass[39m=[32m"sh-i
nput"[39m
              [33mp
laceholder[39m=[32
m"nap┼Ö. 3 odspodu"
[39m
              [33mr
equired[39m=[32m""
[39m
              [33mv
alue[39m=[32m""[3
9m
            [36m/>
[39m
          [36m</div
>[39m
          [36m<butt
on[39m
            [33mcla
ss[39m=[32m"sh-btn
-primary hover-scale
"[39m
            [33msty
le[39m=[32m"paddin
g: 12px 16px;"[39m
            [33mtyp
e[39m=[32m"submit"
[39m
          [36m>[39
m
            [0mVytv
o┼Öit[0m
          [36m</but
ton>[39m
        [36m</form>
[39m
      [36m</div>[3
9m
      [36m<div[39m
        [33mstyle[
39m=[32m"padding: 1
6px; background: var
(--sh-red); color: w
hite; border-radius:
 var(--sh-radius-md)
;"[39m
      [36m>[39m
        [36m<p[39m
          [33mstyle
[39m=[32m"margin: 
0px 0px 12px 0px;"[
39m
        [36m>[39m
          [0mChyba 
p┼Öi na─Ź├şt├ín├ş lo
kac├ş.[0m
        [36m</p>[3
9m
        [36m<button
[39m
          [33mclass
[39m=[32m"sh-btn-s
econdary hover-scale
"[39m
          [33mstyle
[39m=[32m"backgrou
nd: white; color: va
r(--sh-red);"[39m
          [33mtype
[39m=[32m"button"[
39m
        [36m>[39m
          [0mZkusit
 znovu[0m
        [36m</butto
n>[39m
      [36m</div>[3
9m
    [36m</section>
[39m
  [36m</div>[39m
[36m</body>[39m

Ignored nodes: comme
nts, script, style
[36m<body>[39m
  [36m<div>[39m
    [36m<section[3
9m
      [33mclass[39
m=[32m"container md
-max-w-3xl"[39m
      [33mstyle[39
m=[32m"padding-top:
 24px; padding-botto
m: 40px; margin: 0px
 auto; width: 100%;"
[39m
    [36m>[39m
      [36m<h2[39m
        [33mclass[
39m=[32m"text-h2"[
39m
        [33mstyle[
39m=[32m"margin-bot
tom: 4px;"[39m
      [36m>[39m
        [0mSpr├íva 
um├şst─Ťn├ş[0m
      [36m</h2>[39
m
      [36m<p[39m
        [33mclass[
39m=[32m"text-p"[3
9m
        [33mstyle[
39m=[32m"color: var
(--sh-text-muted); m
argin-bottom: 24px;"
[39m
      [36m>[39m
        [0mSpravujt
e seznam m├şstnost├ş
, n├íbytku a polic p
ro rychl├ę ┼Öazen├ş 
knih.[0m
      [36m</p>[39m
      [36m<div[39m
        [33mstyle[
39m=[32m"background
: var(--sh-surface);
 padding: 20px; bord
er-radius: var(--sh-
radius-lg); border: 
1px solid var(--sh-b
order); margin-botto
m: 32px; box-shadow:
 var(--sh-shadow-sm)
;"[39m
      [36m>[39m
        [36m<h3[39
m
          [33mclass
[39m=[32m"text-h3"
[39m
          [33mstyle
[39m=[32m"margin-t
op: 0px; margin-bott
om: 16px; font-size:
 16px;"[39m
        [36m>[39m
          [0mP┼Öida
t nov├ę um├şst─Ťn├ş
[0m
        [36m</h3>[
39m
        [36m<form[
39m
          [33maria-
label[39m=[32m"cre
ate-location-form"[
39m
          [33mstyle
[39m=[32m"display:
 grid; grid-template
-columns: repeat(aut
o-fit, minmax(140px,
 1fr)); gap: 12px; a
lign-items: end;"[3
9m
        [36m>[39m
          [36m<div>
[39m
            [36m<la
bel[39m
              [33ms
tyle[39m=[32m"font
-size: 12px; font-we
ight: 500; color: va
r(--sh-text-muted); 
display: block; marg
in-bottom: 6px;"[39
m
            [36m>[
39m
              [0mM├
şstnost[0m
            [36m</l
abel>[39m
            [36m<in
put[39m
              [33ma
ria-label[39m=[32m
"Room"[39m
              [33mc
lass[39m=[32m"sh-i
nput"[39m
              [33mp
laceholder[39m=[32
m"nap┼Ö. Ob├Żv├ík"[
39m
              [33mr
equired[39m=[32m""
[39m
              [33mv
alue[39m=[32m""[3
9m
            [36m/>
[39m
          [36m</div
>[39m
          [36m<div>
[39m
            [36m<la
bel[39m
              [33ms
tyle[39m=[32m"font
-size: 12px; font-we
ight: 500; color: va
r(--sh-text-muted); 
display: block; marg
in-bottom: 6px;"[39
m
            [36m>[
39m
              [0mKn
ihovna[0m
            [36m</l
abel>[39m
            [36m<in
put[39m
              [33ma
ria-label[39m=[32m
"Furniture"[39m
              [33mc
lass[39m=[32m"sh-i
nput"[39m
              [33mp
laceholder[39m=[32
m"nap┼Ö. Billy 1"[3
9m
              [33mr
equired[39m=[32m""
[39m
              [33mv
alue[39m=[32m""[3
9m
            [36m/>
[39m
          [36m</div
>[39m
          [36m<div>
[39m
            [36m<la
bel[39m
              [33ms
tyle[39m=[32m"font
-size: 12px; font-we
ight: 500; color: va
r(--sh-text-muted); 
display: block; marg
in-bottom: 6px;"[39
m
            [36m>[
39m
              [0mPo
lice[0m
            [36m</l
abel>[39m
            [36m<in
put[39m
              [33ma
ria-label[39m=[32m
"Shelf"[39m
              [33mc
lass[39m=[32m"sh-i
nput"[39m
              [33mp
laceholder[39m=[32
m"nap┼Ö. 3 odspodu"
[39m
              [33mr
equired[39m=[32m""
[39m
              [33mv
alue[39m=[32m""[3
9m
            [36m/>
[39m
          [36m</div
>[39m
          [36m<butt
on[39m
            [33mcla
ss[39m=[32m"sh-btn
-primary hover-scale
"[39m
            [33msty
le[39m=[32m"paddin
g: 12px 16px;"[39m
            [33mtyp
e[39m=[32m"submit"
[39m
          [36m>[39
m
            [0mVytv
o┼Öit[0m
          [36m</but
ton>[39m
        [36m</form>
[39m
      [36m</div>[3
9m
      [36m<div[39m
        [33mstyle[
39m=[32m"padding: 1
6px; background: var
(--sh-red); color: w
hite; border-radius:
 var(--sh-radius-md)
;"[39m
      [36m>[39m
        [36m<p[39m
          [33mstyle
[39m=[32m"margin: 
0px 0px 12px 0px;"[
39m
        [36m>[39m
          [0mChyba 
p┼Öi na─Ź├şt├ín├ş lo
kac├ş.[0m
        [36m</p>[3
9m
        [36m<button
[39m
          [33mclass
[39m=[32m"sh-btn-s
econdary hover-scale
"[39m
          [33mstyle
[39m=[32m"backgrou
nd: white; color: va
r(--sh-red);"[39m
          [33mtype
[39m=[32m"button"[
39m
        [36m>[39m
          [0mZkusit
 znovu[0m
        [36m</butto
n>[39m
      [36m</div>[3
9m
    [36m</section>
[39m
  [36m</div>[39m
[36m</body>[39m
[90m [2mÔŁ»[22m w
aitForWrapper node_m
odules/@testing-libr
ary/dom/dist/wait-fo
r.js:[2m163:27[22m
[39m
[90m [2mÔŁ»[22m n
ode_modules/@testing
-library/dom/dist/qu
ery-helpers.js:[2m8
6:33[22m[39m
[36m [2mÔŁ»[22m s
rc/pages/LocationsPa
ge.test.tsx:[2m65:2
5[22m[39m
    [90m 63| [39m 
   [34mrenderWithPr
oviders[39m([33m<
[39m[33mLocationsPa
ge[39m [33m/[39m
[33m>[39m)
    [90m 64| [39m
    [90m 65| [39m 
   expect(await scre
en.findByText('Faile
d to load locations.
')).toBeIÔÇŽ
    [90m   | [39m 
                    
   [31m^[39m
    [90m 66| [39m 
   expect(screen.get
ByRole('button', { n
ame: 'Retry' })).toB
eInTheDocÔÇŽ
    [90m 67| [39m 
 })

[31m[2mÔÄ»ÔÄ»ÔÄ»ÔÄ
»ÔÄ»ÔÄ»ÔÄ»ÔÄ»ÔÄ»ÔÄ»Ô
Ä»ÔÄ»ÔÄ»ÔÄ»ÔÄ»ÔÄ»ÔÄ»
ÔÄ»ÔÄ»ÔÄ»ÔÄ»ÔÄ»ÔÄ»ÔÄ
»[3/6]ÔÄ»[22m[39m

[41m[1m FAIL [22m
[49m src/pages/Loca
tionsPage.test.tsx[
2m > [22mLocationsP
age[2m > [22msubmi
ts create form and r
efreshes the list
[31m[1mTestingLibr
aryElementError[22m
[39m: Unable to fin
d an accessible elem
ent with the role "b
utton" and name "Cre
ate location"

Here are the accessi
ble roles:

  heading:

  Name "Spr├íva um├ş
st─Ťn├ş":
  [36m<h2[39m
    [33mclass[39m=
[32m"text-h2"[39m
    [33mstyle[39m=
[32m"margin-bottom:
 4px;"[39m
  [36m/>[39m

  Name "P┼Öidat nov├
ę um├şst─Ťn├ş":
  [36m<h3[39m
    [33mclass[39m=
[32m"text-h3"[39m
    [33mstyle[39m=
[32m"margin-top: 0p
x; margin-bottom: 16
px; font-size: 16px;
"[39m
  [36m/>[39m

  ------------------
--------------------
------------
  paragraph:

  Name "":
  [36m<p[39m
    [33mclass[39m=
[32m"text-p"[39m
    [33mstyle[39m=
[32m"color: var(--s
h-text-muted); margi
n-bottom: 24px;"[39
m
  [36m/>[39m

  ------------------
--------------------
------------
  form:

  Name "create-locat
ion-form":
  [36m<form[39m
    [33maria-label
[39m=[32m"create-lo
cation-form"[39m
    [33mstyle[39m=
[32m"display: grid;
 grid-template-colum
ns: repeat(auto-fit,
 minmax(140px, 1fr))
; gap: 12px; align-i
tems: end;"[39m
  [36m/>[39m

  ------------------
--------------------
------------
  textbox:

  Name "Room":
  [36m<input[39m
    [33maria-label
[39m=[32m"Room"[39
m
    [33mclass[39m=
[32m"sh-input"[39m
    [33mplaceholder
[39m=[32m"nap┼Ö. O
b├Żv├ík"[39m
    [33mrequired[3
9m=[32m""[39m
    [33mvalue[39m=
[32m"Living Room"[
39m
  [36m/>[39m

  Name "Furniture":
  [36m<input[39m
    [33maria-label
[39m=[32m"Furniture
"[39m
    [33mclass[39m=
[32m"sh-input"[39m
    [33mplaceholder
[39m=[32m"nap┼Ö. B
illy 1"[39m
    [33mrequired[3
9m=[32m""[39m
    [33mvalue[39m=
[32m"Cabinet"[39m
  [36m/>[39m

  Name "Shelf":
  [36m<input[39m
    [33maria-label
[39m=[32m"Shelf"[3
9m
    [33mclass[39m=
[32m"sh-input"[39m
    [33mplaceholder
[39m=[32m"nap┼Ö. 3
 odspodu"[39m
    [33mrequired[3
9m=[32m""[39m
    [33mvalue[39m=
[32m"Top"[39m
  [36m/>[39m

  ------------------
--------------------
------------
  button:

  Name "Vytvo┼Öit":
  [36m<button[39m
    [33mclass[39m=
[32m"sh-btn-primary
 hover-scale"[39m
    [33mstyle[39m=
[32m"padding: 12px 
16px;"[39m
    [33mtype[39m=
[32m"submit"[39m
  [36m/>[39m

  Name "Upravit":
  [36m<button[39m
    [33mclass[39m=
[32m"hover-scale"[
39m
    [33mstyle[39m=
[32m"background: tr
ansparent; color: va
r(--sh-teal); cursor
: pointer; font-size
: 13px; font-weight:
 500; padding: 6px 8
px;"[39m
    [33mtype[39m=
[32m"button"[39m
  [36m/>[39m

  Name "Smazat":
  [36m<button[39m
    [33mclass[39m=
[32m"hover-scale"[
39m
    [33mstyle[39m=
[32m"background: tr
ansparent; color: va
r(--sh-red); cursor:
 pointer; font-size:
 13px; font-weight: 
500; padding: 6px 8p
x;"[39m
    [33mtype[39m=
[32m"button"[39m
  [36m/>[39m

  ------------------
--------------------
------------
  table:

  Name "":
  [36m<table[39m
    [33mcellpadding
[39m=[32m"16"[39m
    [33mstyle[39m=
[32m"border-collaps
e: collapse; text-al
ign: left; font-size
: 14px;"[39m
    [33mwidth[39m=
[32m"100%"[39m
  [36m/>[39m

  ------------------
--------------------
------------
  rowgroup:

  Name "":
  [36m<thead[39m
    [33mstyle[39m=
[32m"background: rg
ba(0, 0, 0, 0.02); b
order-bottom: 1px so
lid var(--sh-border)
;"[39m
  [36m/>[39m

  Name "":
  [36m<tbody />[39
m

  ------------------
--------------------
------------
  row:

  Name "M├şstnost Kn
ihovna Police Akce":
  [36m<tr />[39m

  Name "Office Books
helf Shelf 1 Upravit
 Smazat":
  [36m<tr[39m
    [33mstyle[39m=
[32m"border-bottom:
 1px solid var(--sh-
border); transition:
 background 0.2s; ba
ckground: transparen
t;"[39m
  [36m/>[39m

  ------------------
--------------------
------------
  columnheader:

  Name "M├şstnost":
  [36m<th[39m
    [33mstyle[39m=
[32m"font-weight: 6
00; color: var(--sh-
text-muted); white-s
pace: nowrap;"[39m
  [36m/>[39m

  Name "Knihovna":
  [36m<th[39m
    [33mstyle[39m=
[32m"font-weight: 6
00; color: var(--sh-
text-muted); white-s
pace: nowrap;"[39m
  [36m/>[39m

  Name "Police":
  [36m<th[39m
    [33mstyle[39m=
[32m"font-weight: 6
00; color: var(--sh-
text-muted); white-s
pace: nowrap;"[39m
  [36m/>[39m

  Name "Akce":
  [36m<th[39m
    [33mstyle[39m=
[32m"font-weight: 6
00; color: var(--sh-
text-muted); text-al
ign: right; white-sp
ace: nowrap;"[39m
  [36m/>[39m

  ------------------
--------------------
------------
  cell:

  Name "Office":
  [36m<td />[39m

  Name "Bookshelf":
  [36m<td />[39m

  Name "Shelf 1":
  [36m<td />[39m

  Name "Upravit Smaz
at":
  [36m<td[39m
    [33mstyle[39m=
[32m"display: flex;
 gap: 8px; justify-c
ontent: flex-end; al
ign-items: center; m
in-height: 48px;"[3
9m
  [36m/>[39m

  ------------------
--------------------
------------

Ignored nodes: comme
nts, script, style
[36m<body>[39m
  [36m<div>[39m
    [36m<section[3
9m
      [33mclass[39
m=[32m"container md
-max-w-3xl"[39m
      [33mstyle[39
m=[32m"padding-top:
 24px; padding-botto
m: 40px; margin: 0px
 auto; width: 100%;"
[39m
    [36m>[39m
      [36m<h2[39m
        [33mclass[
39m=[32m"text-h2"[
39m
        [33mstyle[
39m=[32m"margin-bot
tom: 4px;"[39m
      [36m>[39m
        [0mSpr├íva 
um├şst─Ťn├ş[0m
      [36m</h2>[39
m
      [36m<p[39m
        [33mclass[
39m=[32m"text-p"[3
9m
        [33mstyle[
39m=[32m"color: var
(--sh-text-muted); m
argin-bottom: 24px;"
[39m
      [36m>[39m
        [0mSpravujt
e seznam m├şstnost├ş
, n├íbytku a polic p
ro rychl├ę ┼Öazen├ş 
knih.[0m
      [36m</p>[39m
      [36m<div[39m
        [33mstyle[
39m=[32m"background
: var(--sh-surface);
 padding: 20px; bord
er-radius: var(--sh-
radius-lg); border: 
1px solid var(--sh-b
order); margin-botto
m: 32px; box-shadow:
 var(--sh-shadow-sm)
;"[39m
      [36m>[39m
        [36m<h3[39
m
          [33mclass
[39m=[32m"text-h3"
[39m
          [33mstyle
[39m=[32m"margin-t
op: 0px; margin-bott
om: 16px; font-size:
 16px;"[39m
        [36m>[39m
          [0mP┼Öida
t nov├ę um├şst─Ťn├ş
[0m
        [36m</h3>[
39m
        [36m<form[
39m
          [33maria-
label[39m=[32m"cre
ate-location-form"[
39m
          [33mstyle
[39m=[32m"display:
 grid; grid-template
-columns: repeat(aut
o-fit, minmax(140px,
 1fr)); gap: 12px; a
lign-items: end;"[3
9m
        [36m>[39m
          [36m<div>
[39m
            [36m<la
bel[39m
              [33ms
tyle[39m=[32m"font
-size: 12px; font-we
ight: 500; color: va
r(--sh-text-muted); 
display: block; marg
in-bottom: 6px;"[39
m
            [36m>[
39m
              [0mM├
şstnost[0m
            [36m</l
abel>[39m
            [36m<in
put[39m
              [33ma
ria-label[39m=[32m
"Room"[39m
              [33mc
lass[39m=[32m"sh-i
nput"[39m
              [33mp
laceholder[39m=[32
m"nap┼Ö. Ob├Żv├ík"[
39m
              [33mr
equired[39m=[32m""
[39m
              [33mv
alue[39m=[32m"Livi
ng Room"[39m
            [36m/>
[39m
          [36m</div
>[39m
          [36m<div>
[39m
            [36m<la
bel[39m
              [33ms
tyle[39m=[32m"font
-size: 12px; font-we
ight: 500; color: va
r(--sh-text-muted); 
display: block; marg
in-bottom: 6px;"[39
m
            [36m>[
39m
              [0mKn
ihovna[0m
            [36m</l
abel>[39m
            [36m<in
put[39m
              [33ma
ria-label[39m=[32m
"Furniture"[39m
              [33mc
lass[39m=[32m"sh-i
nput"[39m
              [33mp
laceholder[39m=[32
m"nap┼Ö. Billy 1"[3
9m
              [33mr
equired[39m=[32m""
[39m
              [33mv
alue[39m=[32m"Cabi
net"[39m
            [36m/>
[39m
          [36m</div
>[39m
          [36m<div>
[39m
            [36m<la
bel[39m
              [33ms
tyle[39m=[32m"font
-size: 12px; font-we
ight: 500; color: va
r(--sh-text-muted); 
display: block; marg
in-bottom: 6px;"[39
m
            [36m>[
39m
              [0mPo
lice[0m
            [36m</l
abel>[39m
            [36m<in
put[39m
              [33ma
ria-label[39m=[32m
"Shelf"[39m
              [33mc
lass[39m=[32m"sh-i
nput"[39m
              [33mp
laceholder[39m=[32
m"nap┼Ö. 3 odspodu"
[39m
              [33mr
equired[39m=[32m""
[39m
              [33mv
alue[39m=[32m"Top"
[39m
            [36m/>
[39m
          [36m</div
>[39m
          [36m<butt
on[39m
            [33mcla
ss[39m=[32m"sh-btn
-primary hover-scale
"[39m
            [33msty
le[39m=[32m"paddin
g: 12px 16px;"[39m
            [33mtyp
e[39m=[32m"submit"
[39m
          [36m>[39
m
            [0mVytv
o┼Öit[0m
          [36m</but
ton>[39m
        [36m</form>
[39m
      [36m</div>[3
9m
      [36m<div[39m
        [33mstyle[
39m=[32m"border-rad
ius: var(--sh-radius
-lg); border: 1px so
lid var(--sh-border)
; overflow: hidden; 
background: var(--sh
-surface);"[39m
      [36m>[39m
        [36m<table
[39m
          [33mcellp
adding[39m=[32m"16
"[39m
          [33mstyle
[39m=[32m"border-c
ollapse: collapse; t
ext-align: left; fon
t-size: 14px;"[39m
          [33mwidth
[39m=[32m"100%"[3
9m
        [36m>[39m
          [36m<thea
d[39m
            [33msty
le[39m=[32m"backgr
ound: rgba(0, 0, 0, 
0.02); border-bottom
: 1px solid var(--sh
-border);"[39m
          [36m>[39
m
            [36m<tr
>[39m
              [36m<
th[39m
                [33
mstyle[39m=[32m"fo
nt-weight: 600; colo
r: var(--sh-text-mut
ed); white-space: no
wrap;"[39m
              [36m>
[39m
                [0m
M├şstnost[0m
              [36m<
/th>[39m
              [36m<
th[39m
                [33
mstyle[39m=[32m"fo
nt-weight: 600; colo
r: var(--sh-text-mut
ed); white-space: no
wrap;"[39m
              [36m>
[39m
                [0m
Knihovna[0m
              [36m<
/th>[39m
              [36m<
th[39m
                [33
mstyle[39m=[32m"fo
nt-weight: 600; colo
r: var(--sh-text-mut
ed); white-space: no
wrap;"[39m
              [36m>
[39m
                [0m
Police[0m
              [36m<
/th>[39m
              [36m<
th[39m
                [33
mstyle[39m=[32m"fo
nt-weight: 600; colo
r: var(--sh-text-mut
ed); text-align: rig
ht; white-space: now
rap;"[39m
              [36m>
[39m
                [0m
Akce[0m
              [36m<
/th>[39m
            [36m</t
r>[39m
          [36m</the
ad>[39m
          [36m<tbod
y>[39m
            [36m<tr
[39m
              [33ms
tyle[39m=[32m"bord
er-bottom: 1px solid
 var(--sh-border); t
ransition: backgroun
d 0.2s; background: 
transparent;"[39m
            [36m>[
39m
              [36m<
td>[39m
                [36
m<span[39m
                  [
33mstyle[39m=[32m"
font-weight: 500;"[
39m
                [36
m>[39m
                  [
0mOffice[0m
                [36
m</span>[39m
              [36m<
/td>[39m
              [36m<
td>[39m
                [36
m<span[39m
                  [
33mstyle[39m=[32m"
color: var(--sh-text
-muted);"[39m
                [36
m>[39m
                  [
0mBookshelf[0m
                [36
m</span>[39m
              [36m<
/td>[39m
              [36m<
td>[39m
                [36
m<span[39m
                  [
33mstyle[39m=[32m"
color: var(--sh-text
-muted);"[39m
                [36
m>[39m
                  [
0mShelf 1[0m
                [36
m</span>[39m
              [36m<
/td>[39m
              [36m<
td[39m
                [33
mstyle[39m=[32m"di
splay: flex; gap: 8p
x; justify-content: 
flex-end; align-item
s: center; min-heigh
t: 48px;"[39m
              [36m>
[39m
                [36
m<button[39m
                  [
33mclass[39m=[32m"
hover-scale"[39m
                  [
33mstyle[39m=[32m"
background: transpar
ent; color: var(--sh
-teal); cursor: poin
ter; font-size: 13px
; font-weight: 500; 
padding: 6px 8px;"[
39m
                  [
33mtype[39m=[32m"b
utton"[39m
                [36
m>[39m
                  [
0mUpravit[0m
                [36
m</button>[39m
                [36
m<button[39m
                  [
33mclass[39m=[32m"
hover-scale"[39m
                  [
33mstyle[39m=[32m"
background: transpar
ent; color: var(--sh
-red); cursor: point
er; font-size: 13px;
 font-weight: 500; p
adding: 6px 8px;"[3
9m
                  [
33mtype[39m=[32m"b
utton"[39m
                [36
m>[39m
                  [
0mSmazat[0m
                [36
m</button>[39m
              [36m<
/td>[39m
            [36m</t
r>[39m
          [36m</tbo
dy>[39m
        [36m</table
>[39m
      [36m</div>[3
9m
    [36m</section>
[39m
  [36m</div>[39m
[36m</body>[39m
[90m [2mÔŁ»[22m O
bject.getElementErro
r node_modules/@test
ing-library/dom/dist
/config.js:[2m37:19
[22m[39m
[90m [2mÔŁ»[22m n
ode_modules/@testing
-library/dom/dist/qu
ery-helpers.js:[2m7
6:38[22m[39m
[90m [2mÔŁ»[22m n
ode_modules/@testing
-library/dom/dist/qu
ery-helpers.js:[2m5
2:17[22m[39m
[90m [2mÔŁ»[22m n
ode_modules/@testing
-library/dom/dist/qu
ery-helpers.js:[2m9
5:19[22m[39m
[36m [2mÔŁ»[22m s
rc/pages/LocationsPa
ge.test.tsx:[2m97:3
4[22m[39m
    [90m 95| [39m 
   [35mawait[39m u
serEvent[33m.[39m
[34mtype[39m(screen
[33m.[39m[34mgetB
yLabelText[39m([32
m'Furniture'[39m)[
33m,[39m [32m'Cabi
net'[39m)
    [90m 96| [39m 
   [35mawait[39m u
serEvent[33m.[39m
[34mtype[39m(screen
[33m.[39m[34mgetB
yLabelText[39m([32
m'Shelf'[39m)[33m,
[39m [32m'Top'[39
m)
    [90m 97| [39m 
   await userEvent.c
lick(screen.getByRol
e('button', { name: 
'Create lÔÇŽ
    [90m   | [39m 
                    
            [31m^[
39m
    [90m 98| [39m
    [90m 99| [39m 
   [34mexpect[39m(
[35mawait[39m scre
en[33m.[39m[34mfi
ndByText[39m([32m'
Living Room'[39m))
[33m.[39m[34mtoBeI
nTheDocument[39m()

[31m[2mÔÄ»ÔÄ»ÔÄ»ÔÄ
»ÔÄ»ÔÄ»ÔÄ»ÔÄ»ÔÄ»ÔÄ»Ô
Ä»ÔÄ»ÔÄ»ÔÄ»ÔÄ»ÔÄ»ÔÄ»
ÔÄ»ÔÄ»ÔÄ»ÔÄ»ÔÄ»ÔÄ»ÔÄ
»[4/6]ÔÄ»[22m[39m

[41m[1m FAIL [22m
[49m src/pages/Loca
tionsPage.test.tsx[
2m > [22mLocationsP
age[2m > [22mupdat
es a location using 
inline edit form
[31m[1mTestingLibr
aryElementError[22m
[39m: Unable to fin
d an accessible elem
ent with the role "b
utton" and name "Edi
t"

Here are the accessi
ble roles:

  heading:

  Name "Spr├íva um├ş
st─Ťn├ş":
  [36m<h2[39m
    [33mclass[39m=
[32m"text-h2"[39m
    [33mstyle[39m=
[32m"margin-bottom:
 4px;"[39m
  [36m/>[39m

  Name "P┼Öidat nov├
ę um├şst─Ťn├ş":
  [36m<h3[39m
    [33mclass[39m=
[32m"text-h3"[39m
    [33mstyle[39m=
[32m"margin-top: 0p
x; margin-bottom: 16
px; font-size: 16px;
"[39m
  [36m/>[39m

  ------------------
--------------------
------------
  paragraph:

  Name "":
  [36m<p[39m
    [33mclass[39m=
[32m"text-p"[39m
    [33mstyle[39m=
[32m"color: var(--s
h-text-muted); margi
n-bottom: 24px;"[39
m
  [36m/>[39m

  ------------------
--------------------
------------
  form:

  Name "create-locat
ion-form":
  [36m<form[39m
    [33maria-label
[39m=[32m"create-lo
cation-form"[39m
    [33mstyle[39m=
[32m"display: grid;
 grid-template-colum
ns: repeat(auto-fit,
 minmax(140px, 1fr))
; gap: 12px; align-i
tems: end;"[39m
  [36m/>[39m

  ------------------
--------------------
------------
  textbox:

  Name "Room":
  [36m<input[39m
    [33maria-label
[39m=[32m"Room"[39
m
    [33mclass[39m=
[32m"sh-input"[39m
    [33mplaceholder
[39m=[32m"nap┼Ö. O
b├Żv├ík"[39m
    [33mrequired[3
9m=[32m""[39m
    [33mvalue[39m=
[32m""[39m
  [36m/>[39m

  Name "Furniture":
  [36m<input[39m
    [33maria-label
[39m=[32m"Furniture
"[39m
    [33mclass[39m=
[32m"sh-input"[39m
    [33mplaceholder
[39m=[32m"nap┼Ö. B
illy 1"[39m
    [33mrequired[3
9m=[32m""[39m
    [33mvalue[39m=
[32m""[39m
  [36m/>[39m

  Name "Shelf":
  [36m<input[39m
    [33maria-label
[39m=[32m"Shelf"[3
9m
    [33mclass[39m=
[32m"sh-input"[39m
    [33mplaceholder
[39m=[32m"nap┼Ö. 3
 odspodu"[39m
    [33mrequired[3
9m=[32m""[39m
    [33mvalue[39m=
[32m""[39m
  [36m/>[39m

  ------------------
--------------------
------------
  button:

  Name "Vytvo┼Öit":
  [36m<button[39m
    [33mclass[39m=
[32m"sh-btn-primary
 hover-scale"[39m
    [33mstyle[39m=
[32m"padding: 12px 
16px;"[39m
    [33mtype[39m=
[32m"submit"[39m
  [36m/>[39m

  Name "Upravit":
  [36m<button[39m
    [33mclass[39m=
[32m"hover-scale"[
39m
    [33mstyle[39m=
[32m"background: tr
ansparent; color: va
r(--sh-teal); cursor
: pointer; font-size
: 13px; font-weight:
 500; padding: 6px 8
px;"[39m
    [33mtype[39m=
[32m"button"[39m
  [36m/>[39m

  Name "Smazat":
  [36m<button[39m
    [33mclass[39m=
[32m"hover-scale"[
39m
    [33mstyle[39m=
[32m"background: tr
ansparent; color: va
r(--sh-red); cursor:
 pointer; font-size:
 13px; font-weight: 
500; padding: 6px 8p
x;"[39m
    [33mtype[39m=
[32m"button"[39m
  [36m/>[39m

  ------------------
--------------------
------------
  table:

  Name "":
  [36m<table[39m
    [33mcellpadding
[39m=[32m"16"[39m
    [33mstyle[39m=
[32m"border-collaps
e: collapse; text-al
ign: left; font-size
: 14px;"[39m
    [33mwidth[39m=
[32m"100%"[39m
  [36m/>[39m

  ------------------
--------------------
------------
  rowgroup:

  Name "":
  [36m<thead[39m
    [33mstyle[39m=
[32m"background: rg
ba(0, 0, 0, 0.02); b
order-bottom: 1px so
lid var(--sh-border)
;"[39m
  [36m/>[39m

  Name "":
  [36m<tbody />[39
m

  ------------------
--------------------
------------
  row:

  Name "M├şstnost Kn
ihovna Police Akce":
  [36m<tr />[39m

  Name "Office Books
helf Shelf 1 Upravit
 Smazat":
  [36m<tr[39m
    [33mstyle[39m=
[32m"border-bottom:
 1px solid var(--sh-
border); transition:
 background 0.2s; ba
ckground: transparen
t;"[39m
  [36m/>[39m

  ------------------
--------------------
------------
  columnheader:

  Name "M├şstnost":
  [36m<th[39m
    [33mstyle[39m=
[32m"font-weight: 6
00; color: var(--sh-
text-muted); white-s
pace: nowrap;"[39m
  [36m/>[39m

  Name "Knihovna":
  [36m<th[39m
    [33mstyle[39m=
[32m"font-weight: 6
00; color: var(--sh-
text-muted); white-s
pace: nowrap;"[39m
  [36m/>[39m

  Name "Police":
  [36m<th[39m
    [33mstyle[39m=
[32m"font-weight: 6
00; color: var(--sh-
text-muted); white-s
pace: nowrap;"[39m
  [36m/>[39m

  Name "Akce":
  [36m<th[39m
    [33mstyle[39m=
[32m"font-weight: 6
00; color: var(--sh-
text-muted); text-al
ign: right; white-sp
ace: nowrap;"[39m
  [36m/>[39m

  ------------------
--------------------
------------
  cell:

  Name "Office":
  [36m<td />[39m

  Name "Bookshelf":
  [36m<td />[39m

  Name "Shelf 1":
  [36m<td />[39m

  Name "Upravit Smaz
at":
  [36m<td[39m
    [33mstyle[39m=
[32m"display: flex;
 gap: 8px; justify-c
ontent: flex-end; al
ign-items: center; m
in-height: 48px;"[3
9m
  [36m/>[39m

  ------------------
--------------------
------------

Ignored nodes: comme
nts, script, style
[36m<body>[39m
  [36m<div>[39m
    [36m<section[3
9m
      [33mclass[39
m=[32m"container md
-max-w-3xl"[39m
      [33mstyle[39
m=[32m"padding-top:
 24px; padding-botto
m: 40px; margin: 0px
 auto; width: 100%;"
[39m
    [36m>[39m
      [36m<h2[39m
        [33mclass[
39m=[32m"text-h2"[
39m
        [33mstyle[
39m=[32m"margin-bot
tom: 4px;"[39m
      [36m>[39m
        [0mSpr├íva 
um├şst─Ťn├ş[0m
      [36m</h2>[39
m
      [36m<p[39m
        [33mclass[
39m=[32m"text-p"[3
9m
        [33mstyle[
39m=[32m"color: var
(--sh-text-muted); m
argin-bottom: 24px;"
[39m
      [36m>[39m
        [0mSpravujt
e seznam m├şstnost├ş
, n├íbytku a polic p
ro rychl├ę ┼Öazen├ş 
knih.[0m
      [36m</p>[39m
      [36m<div[39m
        [33mstyle[
39m=[32m"background
: var(--sh-surface);
 padding: 20px; bord
er-radius: var(--sh-
radius-lg); border: 
1px solid var(--sh-b
order); margin-botto
m: 32px; box-shadow:
 var(--sh-shadow-sm)
;"[39m
      [36m>[39m
        [36m<h3[39
m
          [33mclass
[39m=[32m"text-h3"
[39m
          [33mstyle
[39m=[32m"margin-t
op: 0px; margin-bott
om: 16px; font-size:
 16px;"[39m
        [36m>[39m
          [0mP┼Öida
t nov├ę um├şst─Ťn├ş
[0m
        [36m</h3>[
39m
        [36m<form[
39m
          [33maria-
label[39m=[32m"cre
ate-location-form"[
39m
          [33mstyle
[39m=[32m"display:
 grid; grid-template
-columns: repeat(aut
o-fit, minmax(140px,
 1fr)); gap: 12px; a
lign-items: end;"[3
9m
        [36m>[39m
          [36m<div>
[39m
            [36m<la
bel[39m
              [33ms
tyle[39m=[32m"font
-size: 12px; font-we
ight: 500; color: va
r(--sh-text-muted); 
display: block; marg
in-bottom: 6px;"[39
m
            [36m>[
39m
              [0mM├
şstnost[0m
            [36m</l
abel>[39m
            [36m<in
put[39m
              [33ma
ria-label[39m=[32m
"Room"[39m
              [33mc
lass[39m=[32m"sh-i
nput"[39m
              [33mp
laceholder[39m=[32
m"nap┼Ö. Ob├Żv├ík"[
39m
              [33mr
equired[39m=[32m""
[39m
              [33mv
alue[39m=[32m""[3
9m
            [36m/>
[39m
          [36m</div
>[39m
          [36m<div>
[39m
            [36m<la
bel[39m
              [33ms
tyle[39m=[32m"font
-size: 12px; font-we
ight: 500; color: va
r(--sh-text-muted); 
display: block; marg
in-bottom: 6px;"[39
m
            [36m>[
39m
              [0mKn
ihovna[0m
            [36m</l
abel>[39m
            [36m<in
put[39m
              [33ma
ria-label[39m=[32m
"Furniture"[39m
              [33mc
lass[39m=[32m"sh-i
nput"[39m
              [33mp
laceholder[39m=[32
m"nap┼Ö. Billy 1"[3
9m
              [33mr
equired[39m=[32m""
[39m
              [33mv
alue[39m=[32m""[3
9m
            [36m/>
[39m
          [36m</div
>[39m
          [36m<div>
[39m
            [36m<la
bel[39m
              [33ms
tyle[39m=[32m"font
-size: 12px; font-we
ight: 500; color: va
r(--sh-text-muted); 
display: block; marg
in-bottom: 6px;"[39
m
            [36m>[
39m
              [0mPo
lice[0m
            [36m</l
abel>[39m
            [36m<in
put[39m
              [33ma
ria-label[39m=[32m
"Shelf"[39m
              [33mc
lass[39m=[32m"sh-i
nput"[39m
              [33mp
laceholder[39m=[32
m"nap┼Ö. 3 odspodu"
[39m
              [33mr
equired[39m=[32m""
[39m
              [33mv
alue[39m=[32m""[3
9m
            [36m/>
[39m
          [36m</div
>[39m
          [36m<butt
on[39m
            [33mcla
ss[39m=[32m"sh-btn
-primary hover-scale
"[39m
            [33msty
le[39m=[32m"paddin
g: 12px 16px;"[39m
            [33mtyp
e[39m=[32m"submit"
[39m
          [36m>[39
m
            [0mVytv
o┼Öit[0m
          [36m</but
ton>[39m
        [36m</form>
[39m
      [36m</div>[3
9m
      [36m<div[39m
        [33mstyle[
39m=[32m"border-rad
ius: var(--sh-radius
-lg); border: 1px so
lid var(--sh-border)
; overflow: hidden; 
background: var(--sh
-surface);"[39m
      [36m>[39m
        [36m<table
[39m
          [33mcellp
adding[39m=[32m"16
"[39m
          [33mstyle
[39m=[32m"border-c
ollapse: collapse; t
ext-align: left; fon
t-size: 14px;"[39m
          [33mwidth
[39m=[32m"100%"[3
9m
        [36m>[39m
          [36m<thea
d[39m
            [33msty
le[39m=[32m"backgr
ound: rgba(0, 0, 0, 
0.02); border-bottom
: 1px solid var(--sh
-border);"[39m
          [36m>[39
m
            [36m<tr
>[39m
              [36m<
th[39m
                [33
mstyle[39m=[32m"fo
nt-weight: 600; colo
r: var(--sh-text-mut
ed); white-space: no
wrap;"[39m
              [36m>
[39m
                [0m
M├şstnost[0m
              [36m<
/th>[39m
              [36m<
th[39m
                [33
mstyle[39m=[32m"fo
nt-weight: 600; colo
r: var(--sh-text-mut
ed); white-space: no
wrap;"[39m
              [36m>
[39m
                [0m
Knihovna[0m
              [36m<
/th>[39m
              [36m<
th[39m
                [33
mstyle[39m=[32m"fo
nt-weight: 600; colo
r: var(--sh-text-mut
ed); white-space: no
wrap;"[39m
              [36m>
[39m
                [0m
Police[0m
              [36m<
/th>[39m
              [36m<
th[39m
                [33
mstyle[39m=[32m"fo
nt-weight: 600; colo
r: var(--sh-text-mut
ed); text-align: rig
ht; white-space: now
rap;"[39m
              [36m>
[39m
                [0m
Akce[0m
              [36m<
/th>[39m
            [36m</t
r>[39m
          [36m</the
ad>[39m
          [36m<tbod
y>[39m
            [36m<tr
[39m
              [33ms
tyle[39m=[32m"bord
er-bottom: 1px solid
 var(--sh-border); t
ransition: backgroun
d 0.2s; background: 
transparent;"[39m
            [36m>[
39m
              [36m<
td>[39m
                [36
m<span[39m
                  [
33mstyle[39m=[32m"
font-weight: 500;"[
39m
                [36
m>[39m
                  [
0mOffice[0m
                [36
m</span>[39m
              [36m<
/td>[39m
              [36m<
td>[39m
                [36
m<span[39m
                  [
33mstyle[39m=[32m"
color: var(--sh-text
-muted);"[39m
                [36
m>[39m
                  [
0mBookshelf[0m
                [36
m</span>[39m
              [36m<
/td>[39m
              [36m<
td>[39m
                [36
m<span[39m
                  [
33mstyle[39m=[32m"
color: var(--sh-text
-muted);"[39m
                [36
m>[39m
                  [
0mShelf 1[0m
                [36
m</span>[39m
              [36m<
/td>[39m
              [36m<
td[39m
                [33
mstyle[39m=[32m"di
splay: flex; gap: 8p
x; justify-content: 
flex-end; align-item
s: center; min-heigh
t: 48px;"[39m
              [36m>
[39m
                [36
m<button[39m
                  [
33mclass[39m=[32m"
hover-scale"[39m
                  [
33mstyle[39m=[32m"
background: transpar
ent; color: var(--sh
-teal); cursor: poin
ter; font-size: 13px
; font-weight: 500; 
padding: 6px 8px;"[
39m
                  [
33mtype[39m=[32m"b
utton"[39m
                [36
m>[39m
                  [
0mUpravit[0m
                [36
m</button>[39m
                [36
m<button[39m
                  [
33mclass[39m=[32m"
hover-scale"[39m
                  [
33mstyle[39m=[32m"
background: transpar
ent; color: var(--sh
-red); cursor: point
er; font-size: 13px;
 font-weight: 500; p
adding: 6px 8px;"[3
9m
                  [
33mtype[39m=[32m"b
utton"[39m
                [36
m>[39m
                  [
0mSmazat[0m
                [36
m</button>[39m
              [36m<
/td>[39m
            [36m</t
r>[39m
          [36m</tbo
dy>[39m
        [36m</table
>[39m
      [36m</div>[3
9m
    [36m</section>
[39m
  [36m</div>[39m
[36m</body>[39m
[90m [2mÔŁ»[22m O
bject.getElementErro
r node_modules/@test
ing-library/dom/dist
/config.js:[2m37:19
[22m[39m
[90m [2mÔŁ»[22m n
ode_modules/@testing
-library/dom/dist/qu
ery-helpers.js:[2m7
6:38[22m[39m
[90m [2mÔŁ»[22m n
ode_modules/@testing
-library/dom/dist/qu
ery-helpers.js:[2m5
2:17[22m[39m
[90m [2mÔŁ»[22m n
ode_modules/@testing
-library/dom/dist/qu
ery-helpers.js:[2m9
5:19[22m[39m
[36m [2mÔŁ»[22m s
rc/pages/LocationsPa
ge.test.tsx:[2m115:
34[22m[39m
    [90m113| [39m
    [90m114| [39m 
   [35mawait[39m s
creen[33m.[39m[34
mfindByText[39m([3
2m'Office'[39m)
    [90m115| [39m 
   [35mawait[39m u
serEvent[33m.[39m
[34mclick[39m(scree
n[33m.[39m[34mget
ByRole[39m([32m'bu
tton'[39m[33m,[39
m { name[33m:[39m 
[32m'Edit'[39m }))
    [90m   | [39m 
                    
            [31m^[
39m
    [90m116| [39m
    [90m117| [39m 
   [35mconst[39m e
ditRoom [33m=[39m 
screen[33m.[39m[3
4mgetByLabelText[39
m([32m'Edit room'[
39m)

[31m[2mÔÄ»ÔÄ»ÔÄ»ÔÄ
»ÔÄ»ÔÄ»ÔÄ»ÔÄ»ÔÄ»ÔÄ»Ô
Ä»ÔÄ»ÔÄ»ÔÄ»ÔÄ»ÔÄ»ÔÄ»
ÔÄ»ÔÄ»ÔÄ»ÔÄ»ÔÄ»ÔÄ»ÔÄ
»[5/6]ÔÄ»[22m[39m

[41m[1m FAIL [22m
[49m src/pages/Loca
tionsPage.test.tsx[
2m > [22mLocationsP
age[2m > [22mrequi
res confirmation bef
ore deleting a locat
ion
[31m[1mTestingLibr
aryElementError[22m
[39m: Unable to fin
d an accessible elem
ent with the role "b
utton" and name "Del
ete"

Here are the accessi
ble roles:

  heading:

  Name "Spr├íva um├ş
st─Ťn├ş":
  [36m<h2[39m
    [33mclass[39m=
[32m"text-h2"[39m
    [33mstyle[39m=
[32m"margin-bottom:
 4px;"[39m
  [36m/>[39m

  Name "P┼Öidat nov├
ę um├şst─Ťn├ş":
  [36m<h3[39m
    [33mclass[39m=
[32m"text-h3"[39m
    [33mstyle[39m=
[32m"margin-top: 0p
x; margin-bottom: 16
px; font-size: 16px;
"[39m
  [36m/>[39m

  ------------------
--------------------
------------
  paragraph:

  Name "":
  [36m<p[39m
    [33mclass[39m=
[32m"text-p"[39m
    [33mstyle[39m=
[32m"color: var(--s
h-text-muted); margi
n-bottom: 24px;"[39
m
  [36m/>[39m

  ------------------
--------------------
------------
  form:

  Name "create-locat
ion-form":
  [36m<form[39m
    [33maria-label
[39m=[32m"create-lo
cation-form"[39m
    [33mstyle[39m=
[32m"display: grid;
 grid-template-colum
ns: repeat(auto-fit,
 minmax(140px, 1fr))
; gap: 12px; align-i
tems: end;"[39m
  [36m/>[39m

  ------------------
--------------------
------------
  textbox:

  Name "Room":
  [36m<input[39m
    [33maria-label
[39m=[32m"Room"[39
m
    [33mclass[39m=
[32m"sh-input"[39m
    [33mplaceholder
[39m=[32m"nap┼Ö. O
b├Żv├ík"[39m
    [33mrequired[3
9m=[32m""[39m
    [33mvalue[39m=
[32m""[39m
  [36m/>[39m

  Name "Furniture":
  [36m<input[39m
    [33maria-label
[39m=[32m"Furniture
"[39m
    [33mclass[39m=
[32m"sh-input"[39m
    [33mplaceholder
[39m=[32m"nap┼Ö. B
illy 1"[39m
    [33mrequired[3
9m=[32m""[39m
    [33mvalue[39m=
[32m""[39m
  [36m/>[39m

  Name "Shelf":
  [36m<input[39m
    [33maria-label
[39m=[32m"Shelf"[3
9m
    [33mclass[39m=
[32m"sh-input"[39m
    [33mplaceholder
[39m=[32m"nap┼Ö. 3
 odspodu"[39m
    [33mrequired[3
9m=[32m""[39m
    [33mvalue[39m=
[32m""[39m
  [36m/>[39m

  ------------------
--------------------
------------
  button:

  Name "Vytvo┼Öit":
  [36m<button[39m
    [33mclass[39m=
[32m"sh-btn-primary
 hover-scale"[39m
    [33mstyle[39m=
[32m"padding: 12px 
16px;"[39m
    [33mtype[39m=
[32m"submit"[39m
  [36m/>[39m

  Name "Upravit":
  [36m<button[39m
    [33mclass[39m=
[32m"hover-scale"[
39m
    [33mstyle[39m=
[32m"background: tr
ansparent; color: va
r(--sh-teal); cursor
: pointer; font-size
: 13px; font-weight:
 500; padding: 6px 8
px;"[39m
    [33mtype[39m=
[32m"button"[39m
  [36m/>[39m

  Name "Smazat":
  [36m<button[39m
    [33mclass[39m=
[32m"hover-scale"[
39m
    [33mstyle[39m=
[32m"background: tr
ansparent; color: va
r(--sh-red); cursor:
 pointer; font-size:
 13px; font-weight: 
500; padding: 6px 8p
x;"[39m
    [33mtype[39m=
[32m"button"[39m
  [36m/>[39m

  ------------------
--------------------
------------
  table:

  Name "":
  [36m<table[39m
    [33mcellpadding
[39m=[32m"16"[39m
    [33mstyle[39m=
[32m"border-collaps
e: collapse; text-al
ign: left; font-size
: 14px;"[39m
    [33mwidth[39m=
[32m"100%"[39m
  [36m/>[39m

  ------------------
--------------------
------------
  rowgroup:

  Name "":
  [36m<thead[39m
    [33mstyle[39m=
[32m"background: rg
ba(0, 0, 0, 0.02); b
order-bottom: 1px so
lid var(--sh-border)
;"[39m
  [36m/>[39m

  Name "":
  [36m<tbody />[39
m

  ------------------
--------------------
------------
  row:

  Name "M├şstnost Kn
ihovna Police Akce":
  [36m<tr />[39m

  Name "Office Books
helf Shelf 1 Upravit
 Smazat":
  [36m<tr[39m
    [33mstyle[39m=
[32m"border-bottom:
 1px solid var(--sh-
border); transition:
 background 0.2s; ba
ckground: transparen
t;"[39m
  [36m/>[39m

  ------------------
--------------------
------------
  columnheader:

  Name "M├şstnost":
  [36m<th[39m
    [33mstyle[39m=
[32m"font-weight: 6
00; color: var(--sh-
text-muted); white-s
pace: nowrap;"[39m
  [36m/>[39m

  Name "Knihovna":
  [36m<th[39m
    [33mstyle[39m=
[32m"font-weight: 6
00; color: var(--sh-
text-muted); white-s
pace: nowrap;"[39m
  [36m/>[39m

  Name "Police":
  [36m<th[39m
    [33mstyle[39m=
[32m"font-weight: 6
00; color: var(--sh-
text-muted); white-s
pace: nowrap;"[39m
  [36m/>[39m

  Name "Akce":
  [36m<th[39m
    [33mstyle[39m=
[32m"font-weight: 6
00; color: var(--sh-
text-muted); text-al
ign: right; white-sp
ace: nowrap;"[39m
  [36m/>[39m

  ------------------
--------------------
------------
  cell:

  Name "Office":
  [36m<td />[39m

  Name "Bookshelf":
  [36m<td />[39m

  Name "Shelf 1":
  [36m<td />[39m

  Name "Upravit Smaz
at":
  [36m<td[39m
    [33mstyle[39m=
[32m"display: flex;
 gap: 8px; justify-c
ontent: flex-end; al
ign-items: center; m
in-height: 48px;"[3
9m
  [36m/>[39m

  ------------------
--------------------
------------

Ignored nodes: comme
nts, script, style
[36m<body>[39m
  [36m<div>[39m
    [36m<section[3
9m
      [33mclass[39
m=[32m"container md
-max-w-3xl"[39m
      [33mstyle[39
m=[32m"padding-top:
 24px; padding-botto
m: 40px; margin: 0px
 auto; width: 100%;"
[39m
    [36m>[39m
      [36m<h2[39m
        [33mclass[
39m=[32m"text-h2"[
39m
        [33mstyle[
39m=[32m"margin-bot
tom: 4px;"[39m
      [36m>[39m
        [0mSpr├íva 
um├şst─Ťn├ş[0m
      [36m</h2>[39
m
      [36m<p[39m
        [33mclass[
39m=[32m"text-p"[3
9m
        [33mstyle[
39m=[32m"color: var
(--sh-text-muted); m
argin-bottom: 24px;"
[39m
      [36m>[39m
        [0mSpravujt
e seznam m├şstnost├ş
, n├íbytku a polic p
ro rychl├ę ┼Öazen├ş 
knih.[0m
      [36m</p>[39m
      [36m<div[39m
        [33mstyle[
39m=[32m"background
: var(--sh-surface);
 padding: 20px; bord
er-radius: var(--sh-
radius-lg); border: 
1px solid var(--sh-b
order); margin-botto
m: 32px; box-shadow:
 var(--sh-shadow-sm)
;"[39m
      [36m>[39m
        [36m<h3[39
m
          [33mclass
[39m=[32m"text-h3"
[39m
          [33mstyle
[39m=[32m"margin-t
op: 0px; margin-bott
om: 16px; font-size:
 16px;"[39m
        [36m>[39m
          [0mP┼Öida
t nov├ę um├şst─Ťn├ş
[0m
        [36m</h3>[
39m
        [36m<form[
39m
          [33maria-
label[39m=[32m"cre
ate-location-form"[
39m
          [33mstyle
[39m=[32m"display:
 grid; grid-template
-columns: repeat(aut
o-fit, minmax(140px,
 1fr)); gap: 12px; a
lign-items: end;"[3
9m

[2m Test Files [22m [1m[31m2 failed[39m[22m[2m | [22m[1m[32m1 passed[39m[22m[90m (3)[39m
[2m      Tests [22m [1m[31m6 failed[39m[22m[2m | [22m[1m[32m5 passed[39m[22m[90m (11)[39m
[2m   Start at [22m 18:18:54
[2m   Duration [22m 5.47s[2m (transform 724ms, setup 1.00s, collect 3.09s, tests 3.97s, environment 3.58s, prepare 533ms)[22m

        [36m>[39m
          [36m<div>
[39m
            [36m<la
bel[39m
              [33ms
tyle[39m=[32m"font
-size: 12px; font-we
ight: 500; color: va
r(--sh-text-muted); 
display: block; marg
in-bottom: 6px;"[39
m
            [36m>[
39m
              [0mM├
şstnost[0m
            [36m</l
abel>[39m
            [36m<in
put[39m
              [33ma
ria-label[39m=[32m
"Room"[39m
              [33mc
lass[39m=[32m"sh-i
nput"[39m
              [33mp
laceholder[39m=[32
m"nap┼Ö. Ob├Żv├ík"[
39m
              [33mr
equired[39m=[32m""
[39m
              [33mv
alue[39m=[32m""[3
9m
            [36m/>
[39m
          [36m</div
>[39m
          [36m<div>
[39m
            [36m<la
bel[39m
              [33ms
tyle[39m=[32m"font
-size: 12px; font-we
ight: 500; color: va
r(--sh-text-muted); 
display: block; marg
in-bottom: 6px;"[39
m
            [36m>[
39m
              [0mKn
ihovna[0m
            [36m</l
abel>[39m
            [36m<in
put[39m
              [33ma
ria-label[39m=[32m
"Furniture"[39m
              [33mc
lass[39m=[32m"sh-i
nput"[39m
              [33mp
laceholder[39m=[32
m"nap┼Ö. Billy 1"[3
9m
              [33mr
equired[39m=[32m""
[39m
              [33mv
alue[39m=[32m""[3
9m
            [36m/>
[39m
          [36m</div
>[39m
          [36m<div>
[39m
            [36m<la
bel[39m
              [33ms
tyle[39m=[32m"font
-size: 12px; font-we
ight: 500; color: va
r(--sh-text-muted); 
display: block; marg
in-bottom: 6px;"[39
m
            [36m>[
39m
              [0mPo
lice[0m
            [36m</l
abel>[39m
            [36m<in
put[39m
              [33ma
ria-label[39m=[32m
"Shelf"[39m
              [33mc
lass[39m=[32m"sh-i
nput"[39m
              [33mp
laceholder[39m=[32
m"nap┼Ö. 3 odspodu"
[39m
              [33mr
equired[39m=[32m""
[39m
              [33mv
alue[39m=[32m""[3
9m
            [36m/>
[39m
          [36m</div
>[39m
          [36m<butt
on[39m
            [33mcla
ss[39m=[32m"sh-btn
-primary hover-scale
"[39m
            [33msty
le[39m=[32m"paddin
g: 12px 16px;"[39m
            [33mtyp
e[39m=[32m"submit"
[39m
          [36m>[39
m
            [0mVytv
o┼Öit[0m
          [36m</but
ton>[39m
        [36m</form>
[39m
      [36m</div>[3
9m
      [36m<div[39m
        [33mstyle[
39m=[32m"border-rad
ius: var(--sh-radius
-lg); border: 1px so
lid var(--sh-border)
; overflow: hidden; 
background: var(--sh
-surface);"[39m
      [36m>[39m
        [36m<table
[39m
          [33mcellp
adding[39m=[32m"16
"[39m
          [33mstyle
[39m=[32m"border-c
ollapse: collapse; t
ext-align: left; fon
t-size: 14px;"[39m
          [33mwidth
[39m=[32m"100%"[3
9m
        [36m>[39m
          [36m<thea
d[39m
            [33msty
le[39m=[32m"backgr
ound: rgba(0, 0, 0, 
0.02); border-bottom
: 1px solid var(--sh
-border);"[39m
          [36m>[39
m
            [36m<tr
>[39m
              [36m<
th[39m
                [33
mstyle[39m=[32m"fo
nt-weight: 600; colo
r: var(--sh-text-mut
ed); white-space: no
wrap;"[39m
              [36m>
[39m
                [0m
M├şstnost[0m
              [36m<
/th>[39m
              [36m<
th[39m
                [33
mstyle[39m=[32m"fo
nt-weight: 600; colo
r: var(--sh-text-mut
ed); white-space: no
wrap;"[39m
              [36m>
[39m
                [0m
Knihovna[0m
              [36m<
/th>[39m
              [36m<
th[39m
                [33
mstyle[39m=[32m"fo
nt-weight: 600; colo
r: var(--sh-text-mut
ed); white-space: no
wrap;"[39m
              [36m>
[39m
                [0m
Police[0m
              [36m<
/th>[39m
              [36m<
th[39m
                [33
mstyle[39m=[32m"fo
nt-weight: 600; colo
r: var(--sh-text-mut
ed); text-align: rig
ht; white-space: now
rap;"[39m
              [36m>
[39m
                [0m
Akce[0m
              [36m<
/th>[39m
            [36m</t
r>[39m
          [36m</the
ad>[39m
          [36m<tbod
y>[39m
            [36m<tr
[39m
              [33ms
tyle[39m=[32m"bord
er-bottom: 1px solid
 var(--sh-border); t
ransition: backgroun
d 0.2s; background: 
transparent;"[39m
            [36m>[
39m
              [36m<
td>[39m
                [36
m<span[39m
                  [
33mstyle[39m=[32m"
font-weight: 500;"[
39m
                [36
m>[39m
                  [
0mOffice[0m
                [36
m</span>[39m
              [36m<
/td>[39m
              [36m<
td>[39m
                [36
m<span[39m
                  [
33mstyle[39m=[32m"
color: var(--sh-text
-muted);"[39m
                [36
m>[39m
                  [
0mBookshelf[0m
                [36
m</span>[39m
              [36m<
/td>[39m
              [36m<
td>[39m
                [36
m<span[39m
                  [
33mstyle[39m=[32m"
color: var(--sh-text
-muted);"[39m
                [36
m>[39m
                  [
0mShelf 1[0m
                [36
m</span>[39m
              [36m<
/td>[39m
              [36m<
td[39m
                [33
mstyle[39m=[32m"di
splay: flex; gap: 8p
x; justify-content: 
flex-end; align-item
s: center; min-heigh
t: 48px;"[39m
              [36m>
[39m
                [36
m<button[39m
                  [
33mclass[39m=[32m"
hover-scale"[39m
                  [
33mstyle[39m=[32m"
background: transpar
ent; color: var(--sh
-teal); cursor: poin
ter; font-size: 13px
; font-weight: 500; 
padding: 6px 8px;"[
39m
                  [
33mtype[39m=[32m"b
utton"[39m
                [36
m>[39m
                  [
0mUpravit[0m
                [36
m</button>[39m
                [36
m<button[39m
                  [
33mclass[39m=[32m"
hover-scale"[39m
                  [
33mstyle[39m=[32m"
background: transpar
ent; color: var(--sh
-red); cursor: point
er; font-size: 13px;
 font-weight: 500; p
adding: 6px 8px;"[3
9m
                  [
33mtype[39m=[32m"b
utton"[39m
                [36
m>[39m
                  [
0mSmazat[0m
                [36
m</button>[39m
              [36m<
/td>[39m
            [36m</t
r>[39m
          [36m</tbo
dy>[39m
        [36m</table
>[39m
      [36m</div>[3
9m
    [36m</section>
[39m
  [36m</div>[39m
[36m</body>[39m
[90m [2mÔŁ»[22m O
bject.getElementErro
r node_modules/@test
ing-library/dom/dist
/config.js:[2m37:19
[22m[39m
[90m [2mÔŁ»[22m n
ode_modules/@testing
-library/dom/dist/qu
ery-helpers.js:[2m7
6:38[22m[39m
[90m [2mÔŁ»[22m n
ode_modules/@testing
-library/dom/dist/qu
ery-helpers.js:[2m5
2:17[22m[39m
[90m [2mÔŁ»[22m n
ode_modules/@testing
-library/dom/dist/qu
ery-helpers.js:[2m9
5:19[22m[39m
[36m [2mÔŁ»[22m s
rc/pages/LocationsPa
ge.test.tsx:[2m140:
34[22m[39m
    [90m138| [39m
    [90m139| [39m 
   [35mawait[39m s
creen[33m.[39m[34
mfindByText[39m([3
2m'Office'[39m)
    [90m140| [39m 
   await userEvent.c
lick(screen.getByRol
e('button', { name: 
'Delete' ÔÇŽ
    [90m   | [39m 
                    
            [31m^[
39m
    [90m141| [39m
    [90m142| [39m 
   expect(screen.get
ByRole('dialog', { n
ame: 'delete-locatio
n-dialog'ÔÇŽ

[31m[2mÔÄ»ÔÄ»ÔÄ»ÔÄ
»ÔÄ»ÔÄ»ÔÄ»ÔÄ»ÔÄ»ÔÄ»Ô
Ä»ÔÄ»ÔÄ»ÔÄ»ÔÄ»ÔÄ»ÔÄ»
ÔÄ»ÔÄ»ÔÄ»ÔÄ»ÔÄ»ÔÄ»ÔÄ
»[6/6]ÔÄ»[22m[39m

